
C:\Documents and Settings\Jingxi\My Documents\My Projects\STM32Primer\Projects\STM32ECG\objdebug\stm32f10x_it.o:     file format elf32-littlearm
C:\Documents and Settings\Jingxi\My Documents\My Projects\STM32Primer\Projects\STM32ECG\objdebug\stm32f10x_it.o

Disassembly of section .text.NMIException:

00000000 <NMIException>:
NMIException():
C:\Documents and Settings\Jingxi\My Documents\My Projects\STM32Primer\Projects\STM32ECG\src/stm32f10x_it.c:45
   0:	b480      	push	{r7}
   2:	af00      	add	r7, sp, #0
C:\Documents and Settings\Jingxi\My Documents\My Projects\STM32Primer\Projects\STM32ECG\src/stm32f10x_it.c:46
   4:	46bd      	mov	sp, r7
   6:	bc80      	pop	{r7}
   8:	4770      	bx	lr
   a:	46c0      	nop			(mov r8, r8)
Disassembly of section .text.HardFaultException:

00000000 <HardFaultException>:
HardFaultException():
C:\Documents and Settings\Jingxi\My Documents\My Projects\STM32Primer\Projects\STM32ECG\src/stm32f10x_it.c:56
   0:	b480      	push	{r7}
   2:	af00      	add	r7, sp, #0
C:\Documents and Settings\Jingxi\My Documents\My Projects\STM32Primer\Projects\STM32ECG\src/stm32f10x_it.c:57
   4:	46bd      	mov	sp, r7
   6:	bc80      	pop	{r7}
   8:	4770      	bx	lr
   a:	46c0      	nop			(mov r8, r8)
Disassembly of section .text.MemManageException:

00000000 <MemManageException>:
MemManageException():
C:\Documents and Settings\Jingxi\My Documents\My Projects\STM32Primer\Projects\STM32ECG\src/stm32f10x_it.c:67
   0:	b480      	push	{r7}
   2:	af00      	add	r7, sp, #0
C:\Documents and Settings\Jingxi\My Documents\My Projects\STM32Primer\Projects\STM32ECG\src/stm32f10x_it.c:68
   4:	46bd      	mov	sp, r7
   6:	bc80      	pop	{r7}
   8:	4770      	bx	lr
   a:	46c0      	nop			(mov r8, r8)
Disassembly of section .text.BusFaultException:

00000000 <BusFaultException>:
BusFaultException():
C:\Documents and Settings\Jingxi\My Documents\My Projects\STM32Primer\Projects\STM32ECG\src/stm32f10x_it.c:78
   0:	b480      	push	{r7}
   2:	af00      	add	r7, sp, #0
C:\Documents and Settings\Jingxi\My Documents\My Projects\STM32Primer\Projects\STM32ECG\src/stm32f10x_it.c:79
   4:	46bd      	mov	sp, r7
   6:	bc80      	pop	{r7}
   8:	4770      	bx	lr
   a:	46c0      	nop			(mov r8, r8)
Disassembly of section .text.UsageFaultException:

00000000 <UsageFaultException>:
UsageFaultException():
C:\Documents and Settings\Jingxi\My Documents\My Projects\STM32Primer\Projects\STM32ECG\src/stm32f10x_it.c:89
   0:	b480      	push	{r7}
   2:	af00      	add	r7, sp, #0
C:\Documents and Settings\Jingxi\My Documents\My Projects\STM32Primer\Projects\STM32ECG\src/stm32f10x_it.c:90
   4:	46bd      	mov	sp, r7
   6:	bc80      	pop	{r7}
   8:	4770      	bx	lr
   a:	46c0      	nop			(mov r8, r8)
Disassembly of section .text.DebugMonitor:

00000000 <DebugMonitor>:
DebugMonitor():
C:\Documents and Settings\Jingxi\My Documents\My Projects\STM32Primer\Projects\STM32ECG\src/stm32f10x_it.c:100
   0:	b480      	push	{r7}
   2:	af00      	add	r7, sp, #0
C:\Documents and Settings\Jingxi\My Documents\My Projects\STM32Primer\Projects\STM32ECG\src/stm32f10x_it.c:101
   4:	46bd      	mov	sp, r7
   6:	bc80      	pop	{r7}
   8:	4770      	bx	lr
   a:	46c0      	nop			(mov r8, r8)
Disassembly of section .text.SVCHandler:

00000000 <SVCHandler>:
SVCHandler():
C:\Documents and Settings\Jingxi\My Documents\My Projects\STM32Primer\Projects\STM32ECG\src/stm32f10x_it.c:111
   0:	b480      	push	{r7}
   2:	af00      	add	r7, sp, #0
C:\Documents and Settings\Jingxi\My Documents\My Projects\STM32Primer\Projects\STM32ECG\src/stm32f10x_it.c:112
   4:	46bd      	mov	sp, r7
   6:	bc80      	pop	{r7}
   8:	4770      	bx	lr
   a:	46c0      	nop			(mov r8, r8)
Disassembly of section .text.PendSVC:

00000000 <PendSVC>:
PendSVC():
C:\Documents and Settings\Jingxi\My Documents\My Projects\STM32Primer\Projects\STM32ECG\src/stm32f10x_it.c:122
   0:	b480      	push	{r7}
   2:	af00      	add	r7, sp, #0
C:\Documents and Settings\Jingxi\My Documents\My Projects\STM32Primer\Projects\STM32ECG\src/stm32f10x_it.c:123
   4:	46bd      	mov	sp, r7
   6:	bc80      	pop	{r7}
   8:	4770      	bx	lr
   a:	46c0      	nop			(mov r8, r8)
Disassembly of section .text.SysTickHandler:

00000000 <SysTickHandler>:
SysTickHandler():
C:\Documents and Settings\Jingxi\My Documents\My Projects\STM32Primer\Projects\STM32ECG\src/stm32f10x_it.c:133
   0:	b480      	push	{r7}
   2:	af00      	add	r7, sp, #0
C:\Documents and Settings\Jingxi\My Documents\My Projects\STM32Primer\Projects\STM32ECG\src/stm32f10x_it.c:134
   4:	46bd      	mov	sp, r7
   6:	bc80      	pop	{r7}
   8:	4770      	bx	lr
   a:	46c0      	nop			(mov r8, r8)
Disassembly of section .text.WWDG_IRQHandler:

00000000 <WWDG_IRQHandler>:
WWDG_IRQHandler():
C:\Documents and Settings\Jingxi\My Documents\My Projects\STM32Primer\Projects\STM32ECG\src/stm32f10x_it.c:144
   0:	b480      	push	{r7}
   2:	af00      	add	r7, sp, #0
C:\Documents and Settings\Jingxi\My Documents\My Projects\STM32Primer\Projects\STM32ECG\src/stm32f10x_it.c:145
   4:	46bd      	mov	sp, r7
   6:	bc80      	pop	{r7}
   8:	4770      	bx	lr
   a:	46c0      	nop			(mov r8, r8)
Disassembly of section .text.PVD_IRQHandler:

00000000 <PVD_IRQHandler>:
PVD_IRQHandler():
C:\Documents and Settings\Jingxi\My Documents\My Projects\STM32Primer\Projects\STM32ECG\src/stm32f10x_it.c:155
   0:	b480      	push	{r7}
   2:	af00      	add	r7, sp, #0
C:\Documents and Settings\Jingxi\My Documents\My Projects\STM32Primer\Projects\STM32ECG\src/stm32f10x_it.c:156
   4:	46bd      	mov	sp, r7
   6:	bc80      	pop	{r7}
   8:	4770      	bx	lr
   a:	46c0      	nop			(mov r8, r8)
Disassembly of section .text.TAMPER_IRQHandler:

00000000 <TAMPER_IRQHandler>:
TAMPER_IRQHandler():
C:\Documents and Settings\Jingxi\My Documents\My Projects\STM32Primer\Projects\STM32ECG\src/stm32f10x_it.c:166
   0:	b480      	push	{r7}
   2:	af00      	add	r7, sp, #0
C:\Documents and Settings\Jingxi\My Documents\My Projects\STM32Primer\Projects\STM32ECG\src/stm32f10x_it.c:167
   4:	46bd      	mov	sp, r7
   6:	bc80      	pop	{r7}
   8:	4770      	bx	lr
   a:	46c0      	nop			(mov r8, r8)
Disassembly of section .text.RTC_IRQHandler:

00000000 <RTC_IRQHandler>:
RTC_IRQHandler():
C:\Documents and Settings\Jingxi\My Documents\My Projects\STM32Primer\Projects\STM32ECG\src/stm32f10x_it.c:177
   0:	b480      	push	{r7}
   2:	af00      	add	r7, sp, #0
C:\Documents and Settings\Jingxi\My Documents\My Projects\STM32Primer\Projects\STM32ECG\src/stm32f10x_it.c:178
   4:	46bd      	mov	sp, r7
   6:	bc80      	pop	{r7}
   8:	4770      	bx	lr
   a:	46c0      	nop			(mov r8, r8)
Disassembly of section .text.FLASH_IRQHandler:

00000000 <FLASH_IRQHandler>:
FLASH_IRQHandler():
C:\Documents and Settings\Jingxi\My Documents\My Projects\STM32Primer\Projects\STM32ECG\src/stm32f10x_it.c:188
   0:	b480      	push	{r7}
   2:	af00      	add	r7, sp, #0
C:\Documents and Settings\Jingxi\My Documents\My Projects\STM32Primer\Projects\STM32ECG\src/stm32f10x_it.c:189
   4:	46bd      	mov	sp, r7
   6:	bc80      	pop	{r7}
   8:	4770      	bx	lr
   a:	46c0      	nop			(mov r8, r8)
Disassembly of section .text.RCC_IRQHandler:

00000000 <RCC_IRQHandler>:
RCC_IRQHandler():
C:\Documents and Settings\Jingxi\My Documents\My Projects\STM32Primer\Projects\STM32ECG\src/stm32f10x_it.c:199
   0:	b480      	push	{r7}
   2:	af00      	add	r7, sp, #0
C:\Documents and Settings\Jingxi\My Documents\My Projects\STM32Primer\Projects\STM32ECG\src/stm32f10x_it.c:200
   4:	46bd      	mov	sp, r7
   6:	bc80      	pop	{r7}
   8:	4770      	bx	lr
   a:	46c0      	nop			(mov r8, r8)
Disassembly of section .text.EXTI0_IRQHandler:

00000000 <EXTI0_IRQHandler>:
EXTI0_IRQHandler():
C:\Documents and Settings\Jingxi\My Documents\My Projects\STM32Primer\Projects\STM32ECG\src/stm32f10x_it.c:210
   0:	b480      	push	{r7}
   2:	af00      	add	r7, sp, #0
C:\Documents and Settings\Jingxi\My Documents\My Projects\STM32Primer\Projects\STM32ECG\src/stm32f10x_it.c:211
   4:	46bd      	mov	sp, r7
   6:	bc80      	pop	{r7}
   8:	4770      	bx	lr
   a:	46c0      	nop			(mov r8, r8)
Disassembly of section .text.EXTI1_IRQHandler:

00000000 <EXTI1_IRQHandler>:
EXTI1_IRQHandler():
C:\Documents and Settings\Jingxi\My Documents\My Projects\STM32Primer\Projects\STM32ECG\src/stm32f10x_it.c:221
   0:	b480      	push	{r7}
   2:	af00      	add	r7, sp, #0
C:\Documents and Settings\Jingxi\My Documents\My Projects\STM32Primer\Projects\STM32ECG\src/stm32f10x_it.c:222
   4:	46bd      	mov	sp, r7
   6:	bc80      	pop	{r7}
   8:	4770      	bx	lr
   a:	46c0      	nop			(mov r8, r8)
Disassembly of section .text.EXTI2_IRQHandler:

00000000 <EXTI2_IRQHandler>:
EXTI2_IRQHandler():
C:\Documents and Settings\Jingxi\My Documents\My Projects\STM32Primer\Projects\STM32ECG\src/stm32f10x_it.c:232
   0:	b480      	push	{r7}
   2:	af00      	add	r7, sp, #0
C:\Documents and Settings\Jingxi\My Documents\My Projects\STM32Primer\Projects\STM32ECG\src/stm32f10x_it.c:233
   4:	46bd      	mov	sp, r7
   6:	bc80      	pop	{r7}
   8:	4770      	bx	lr
   a:	46c0      	nop			(mov r8, r8)
Disassembly of section .text.EXTI3_IRQHandler:

00000000 <EXTI3_IRQHandler>:
EXTI3_IRQHandler():
C:\Documents and Settings\Jingxi\My Documents\My Projects\STM32Primer\Projects\STM32ECG\src/stm32f10x_it.c:243
   0:	b480      	push	{r7}
   2:	af00      	add	r7, sp, #0
C:\Documents and Settings\Jingxi\My Documents\My Projects\STM32Primer\Projects\STM32ECG\src/stm32f10x_it.c:244
   4:	46bd      	mov	sp, r7
   6:	bc80      	pop	{r7}
   8:	4770      	bx	lr
   a:	46c0      	nop			(mov r8, r8)
Disassembly of section .text.EXTI4_IRQHandler:

00000000 <EXTI4_IRQHandler>:
EXTI4_IRQHandler():
C:\Documents and Settings\Jingxi\My Documents\My Projects\STM32Primer\Projects\STM32ECG\src/stm32f10x_it.c:254
   0:	b480      	push	{r7}
   2:	af00      	add	r7, sp, #0
C:\Documents and Settings\Jingxi\My Documents\My Projects\STM32Primer\Projects\STM32ECG\src/stm32f10x_it.c:255
   4:	46bd      	mov	sp, r7
   6:	bc80      	pop	{r7}
   8:	4770      	bx	lr
   a:	46c0      	nop			(mov r8, r8)
Disassembly of section .text.DMAChannel1_IRQHandler:

00000000 <DMAChannel1_IRQHandler>:
DMAChannel1_IRQHandler():
C:\Documents and Settings\Jingxi\My Documents\My Projects\STM32Primer\Projects\STM32ECG\src/stm32f10x_it.c:265
   0:	b480      	push	{r7}
   2:	af00      	add	r7, sp, #0
C:\Documents and Settings\Jingxi\My Documents\My Projects\STM32Primer\Projects\STM32ECG\src/stm32f10x_it.c:266
   4:	46bd      	mov	sp, r7
   6:	bc80      	pop	{r7}
   8:	4770      	bx	lr
   a:	46c0      	nop			(mov r8, r8)
Disassembly of section .text.DMAChannel2_IRQHandler:

00000000 <DMAChannel2_IRQHandler>:
DMAChannel2_IRQHandler():
C:\Documents and Settings\Jingxi\My Documents\My Projects\STM32Primer\Projects\STM32ECG\src/stm32f10x_it.c:276
   0:	b480      	push	{r7}
   2:	af00      	add	r7, sp, #0
C:\Documents and Settings\Jingxi\My Documents\My Projects\STM32Primer\Projects\STM32ECG\src/stm32f10x_it.c:277
   4:	46bd      	mov	sp, r7
   6:	bc80      	pop	{r7}
   8:	4770      	bx	lr
   a:	46c0      	nop			(mov r8, r8)
Disassembly of section .text.DMAChannel3_IRQHandler:

00000000 <DMAChannel3_IRQHandler>:
DMAChannel3_IRQHandler():
C:\Documents and Settings\Jingxi\My Documents\My Projects\STM32Primer\Projects\STM32ECG\src/stm32f10x_it.c:287
   0:	b480      	push	{r7}
   2:	af00      	add	r7, sp, #0
C:\Documents and Settings\Jingxi\My Documents\My Projects\STM32Primer\Projects\STM32ECG\src/stm32f10x_it.c:288
   4:	46bd      	mov	sp, r7
   6:	bc80      	pop	{r7}
   8:	4770      	bx	lr
   a:	46c0      	nop			(mov r8, r8)
Disassembly of section .text.DMAChannel4_IRQHandler:

00000000 <DMAChannel4_IRQHandler>:
DMAChannel4_IRQHandler():
C:\Documents and Settings\Jingxi\My Documents\My Projects\STM32Primer\Projects\STM32ECG\src/stm32f10x_it.c:298
   0:	b480      	push	{r7}
   2:	af00      	add	r7, sp, #0
C:\Documents and Settings\Jingxi\My Documents\My Projects\STM32Primer\Projects\STM32ECG\src/stm32f10x_it.c:299
   4:	46bd      	mov	sp, r7
   6:	bc80      	pop	{r7}
   8:	4770      	bx	lr
   a:	46c0      	nop			(mov r8, r8)
Disassembly of section .text.DMAChannel5_IRQHandler:

00000000 <DMAChannel5_IRQHandler>:
DMAChannel5_IRQHandler():
C:\Documents and Settings\Jingxi\My Documents\My Projects\STM32Primer\Projects\STM32ECG\src/stm32f10x_it.c:309
   0:	b480      	push	{r7}
   2:	af00      	add	r7, sp, #0
C:\Documents and Settings\Jingxi\My Documents\My Projects\STM32Primer\Projects\STM32ECG\src/stm32f10x_it.c:310
   4:	46bd      	mov	sp, r7
   6:	bc80      	pop	{r7}
   8:	4770      	bx	lr
   a:	46c0      	nop			(mov r8, r8)
Disassembly of section .text.DMAChannel6_IRQHandler:

00000000 <DMAChannel6_IRQHandler>:
DMAChannel6_IRQHandler():
C:\Documents and Settings\Jingxi\My Documents\My Projects\STM32Primer\Projects\STM32ECG\src/stm32f10x_it.c:320
   0:	b480      	push	{r7}
   2:	af00      	add	r7, sp, #0
C:\Documents and Settings\Jingxi\My Documents\My Projects\STM32Primer\Projects\STM32ECG\src/stm32f10x_it.c:321
   4:	46bd      	mov	sp, r7
   6:	bc80      	pop	{r7}
   8:	4770      	bx	lr
   a:	46c0      	nop			(mov r8, r8)
Disassembly of section .text.DMAChannel7_IRQHandler:

00000000 <DMAChannel7_IRQHandler>:
DMAChannel7_IRQHandler():
C:\Documents and Settings\Jingxi\My Documents\My Projects\STM32Primer\Projects\STM32ECG\src/stm32f10x_it.c:331
   0:	b480      	push	{r7}
   2:	af00      	add	r7, sp, #0
C:\Documents and Settings\Jingxi\My Documents\My Projects\STM32Primer\Projects\STM32ECG\src/stm32f10x_it.c:332
   4:	46bd      	mov	sp, r7
   6:	bc80      	pop	{r7}
   8:	4770      	bx	lr
   a:	46c0      	nop			(mov r8, r8)
Disassembly of section .text.ADC_IRQHandler:

00000000 <ADC_IRQHandler>:
ADC_IRQHandler():
C:\Documents and Settings\Jingxi\My Documents\My Projects\STM32Primer\Projects\STM32ECG\src/stm32f10x_it.c:342
   0:	b480      	push	{r7}
   2:	af00      	add	r7, sp, #0
C:\Documents and Settings\Jingxi\My Documents\My Projects\STM32Primer\Projects\STM32ECG\src/stm32f10x_it.c:343
   4:	46bd      	mov	sp, r7
   6:	bc80      	pop	{r7}
   8:	4770      	bx	lr
   a:	46c0      	nop			(mov r8, r8)
Disassembly of section .text.USB_HP_CAN_TX_IRQHandler:

00000000 <USB_HP_CAN_TX_IRQHandler>:
USB_HP_CAN_TX_IRQHandler():
C:\Documents and Settings\Jingxi\My Documents\My Projects\STM32Primer\Projects\STM32ECG\src/stm32f10x_it.c:354
   0:	b480      	push	{r7}
   2:	af00      	add	r7, sp, #0
C:\Documents and Settings\Jingxi\My Documents\My Projects\STM32Primer\Projects\STM32ECG\src/stm32f10x_it.c:355
   4:	46bd      	mov	sp, r7
   6:	bc80      	pop	{r7}
   8:	4770      	bx	lr
   a:	46c0      	nop			(mov r8, r8)
Disassembly of section .text.USB_LP_CAN_RX0_IRQHandler:

00000000 <USB_LP_CAN_RX0_IRQHandler>:
USB_LP_CAN_RX0_IRQHandler():
C:\Documents and Settings\Jingxi\My Documents\My Projects\STM32Primer\Projects\STM32ECG\src/stm32f10x_it.c:366
   0:	b580      	push	{r7, lr}
   2:	af00      	add	r7, sp, #0
C:\Documents and Settings\Jingxi\My Documents\My Projects\STM32Primer\Projects\STM32ECG\src/stm32f10x_it.c:367
   4:	f7ff fffe 	bl	0 <USB_Istr>
C:\Documents and Settings\Jingxi\My Documents\My Projects\STM32Primer\Projects\STM32ECG\src/stm32f10x_it.c:368
   8:	46bd      	mov	sp, r7
   a:	bd80      	pop	{r7, pc}
Disassembly of section .text.CAN_RX1_IRQHandler:

00000000 <CAN_RX1_IRQHandler>:
USBWakeUp_IRQHandler():
C:\Documents and Settings\Jingxi\My Documents\My Projects\STM32Primer\Projects\STM32ECG\src/stm32f10x_it.c:378
   0:	b480      	push	{r7}
   2:	af00      	add	r7, sp, #0
C:\Documents and Settings\Jingxi\My Documents\My Projects\STM32Primer\Projects\STM32ECG\src/stm32f10x_it.c:379
   4:	46bd      	mov	sp, r7
   6:	bc80      	pop	{r7}
   8:	4770      	bx	lr
CAN_RX1_IRQHandler():
   a:	46c0      	nop			(mov r8, r8)
Disassembly of section .text.CAN_SCE_IRQHandler:

00000000 <CAN_SCE_IRQHandler>:
USBWakeUp_IRQHandler():
C:\Documents and Settings\Jingxi\My Documents\My Projects\STM32Primer\Projects\STM32ECG\src/stm32f10x_it.c:378
   0:	b480      	push	{r7}
   2:	af00      	add	r7, sp, #0
C:\Documents and Settings\Jingxi\My Documents\My Projects\STM32Primer\Projects\STM32ECG\src/stm32f10x_it.c:379
   4:	46bd      	mov	sp, r7
   6:	bc80      	pop	{r7}
   8:	4770      	bx	lr
CAN_SCE_IRQHandler():
   a:	46c0      	nop			(mov r8, r8)
Disassembly of section .text.EXTI9_5_IRQHandler:

00000000 <EXTI9_5_IRQHandler>:
USBWakeUp_IRQHandler():
C:\Documents and Settings\Jingxi\My Documents\My Projects\STM32Primer\Projects\STM32ECG\src/stm32f10x_it.c:378
   0:	b480      	push	{r7}
   2:	af00      	add	r7, sp, #0
C:\Documents and Settings\Jingxi\My Documents\My Projects\STM32Primer\Projects\STM32ECG\src/stm32f10x_it.c:379
   4:	46bd      	mov	sp, r7
   6:	bc80      	pop	{r7}
   8:	4770      	bx	lr
EXTI9_5_IRQHandler():
   a:	46c0      	nop			(mov r8, r8)
Disassembly of section .text.TIM1_BRK_IRQHandler:

00000000 <TIM1_BRK_IRQHandler>:
USBWakeUp_IRQHandler():
C:\Documents and Settings\Jingxi\My Documents\My Projects\STM32Primer\Projects\STM32ECG\src/stm32f10x_it.c:378
   0:	b480      	push	{r7}
   2:	af00      	add	r7, sp, #0
C:\Documents and Settings\Jingxi\My Documents\My Projects\STM32Primer\Projects\STM32ECG\src/stm32f10x_it.c:379
   4:	46bd      	mov	sp, r7
   6:	bc80      	pop	{r7}
   8:	4770      	bx	lr
TIM1_BRK_IRQHandler():
   a:	46c0      	nop			(mov r8, r8)
Disassembly of section .text.TIM1_UP_IRQHandler:

00000000 <TIM1_UP_IRQHandler>:
USBWakeUp_IRQHandler():
C:\Documents and Settings\Jingxi\My Documents\My Projects\STM32Primer\Projects\STM32ECG\src/stm32f10x_it.c:378
   0:	b480      	push	{r7}
   2:	af00      	add	r7, sp, #0
C:\Documents and Settings\Jingxi\My Documents\My Projects\STM32Primer\Projects\STM32ECG\src/stm32f10x_it.c:379
   4:	46bd      	mov	sp, r7
   6:	bc80      	pop	{r7}
   8:	4770      	bx	lr
TIM1_UP_IRQHandler():
   a:	46c0      	nop			(mov r8, r8)
Disassembly of section .text.TIM1_TRG_COM_IRQHandler:

00000000 <TIM1_TRG_COM_IRQHandler>:
USBWakeUp_IRQHandler():
C:\Documents and Settings\Jingxi\My Documents\My Projects\STM32Primer\Projects\STM32ECG\src/stm32f10x_it.c:378
   0:	b480      	push	{r7}
   2:	af00      	add	r7, sp, #0
C:\Documents and Settings\Jingxi\My Documents\My Projects\STM32Primer\Projects\STM32ECG\src/stm32f10x_it.c:379
   4:	46bd      	mov	sp, r7
   6:	bc80      	pop	{r7}
   8:	4770      	bx	lr
TIM1_TRG_COM_IRQHandler():
   a:	46c0      	nop			(mov r8, r8)
Disassembly of section .text.TIM1_CC_IRQHandler:

00000000 <TIM1_CC_IRQHandler>:
USBWakeUp_IRQHandler():
C:\Documents and Settings\Jingxi\My Documents\My Projects\STM32Primer\Projects\STM32ECG\src/stm32f10x_it.c:378
   0:	b480      	push	{r7}
   2:	af00      	add	r7, sp, #0
C:\Documents and Settings\Jingxi\My Documents\My Projects\STM32Primer\Projects\STM32ECG\src/stm32f10x_it.c:379
   4:	46bd      	mov	sp, r7
   6:	bc80      	pop	{r7}
   8:	4770      	bx	lr
TIM1_CC_IRQHandler():
   a:	46c0      	nop			(mov r8, r8)
Disassembly of section .text.TIM2_IRQHandler:

00000000 <TIM2_IRQHandler>:
USBWakeUp_IRQHandler():
C:\Documents and Settings\Jingxi\My Documents\My Projects\STM32Primer\Projects\STM32ECG\src/stm32f10x_it.c:378
   0:	b480      	push	{r7}
   2:	af00      	add	r7, sp, #0
C:\Documents and Settings\Jingxi\My Documents\My Projects\STM32Primer\Projects\STM32ECG\src/stm32f10x_it.c:379
   4:	46bd      	mov	sp, r7
   6:	bc80      	pop	{r7}
   8:	4770      	bx	lr
TIM2_IRQHandler():
   a:	46c0      	nop			(mov r8, r8)
Disassembly of section .text.TIM3_IRQHandler:

00000000 <TIM3_IRQHandler>:
USBWakeUp_IRQHandler():
C:\Documents and Settings\Jingxi\My Documents\My Projects\STM32Primer\Projects\STM32ECG\src/stm32f10x_it.c:378
   0:	b480      	push	{r7}
   2:	af00      	add	r7, sp, #0
C:\Documents and Settings\Jingxi\My Documents\My Projects\STM32Primer\Projects\STM32ECG\src/stm32f10x_it.c:379
   4:	46bd      	mov	sp, r7
   6:	bc80      	pop	{r7}
   8:	4770      	bx	lr
TIM3_IRQHandler():
   a:	46c0      	nop			(mov r8, r8)
Disassembly of section .text.TIM4_IRQHandler:

00000000 <TIM4_IRQHandler>:
USBWakeUp_IRQHandler():
C:\Documents and Settings\Jingxi\My Documents\My Projects\STM32Primer\Projects\STM32ECG\src/stm32f10x_it.c:378
   0:	b480      	push	{r7}
   2:	af00      	add	r7, sp, #0
C:\Documents and Settings\Jingxi\My Documents\My Projects\STM32Primer\Projects\STM32ECG\src/stm32f10x_it.c:379
   4:	46bd      	mov	sp, r7
   6:	bc80      	pop	{r7}
   8:	4770      	bx	lr
TIM4_IRQHandler():
   a:	46c0      	nop			(mov r8, r8)
Disassembly of section .text.I2C1_EV_IRQHandler:

00000000 <I2C1_EV_IRQHandler>:
USBWakeUp_IRQHandler():
C:\Documents and Settings\Jingxi\My Documents\My Projects\STM32Primer\Projects\STM32ECG\src/stm32f10x_it.c:378
   0:	b480      	push	{r7}
   2:	af00      	add	r7, sp, #0
C:\Documents and Settings\Jingxi\My Documents\My Projects\STM32Primer\Projects\STM32ECG\src/stm32f10x_it.c:379
   4:	46bd      	mov	sp, r7
   6:	bc80      	pop	{r7}
   8:	4770      	bx	lr
I2C1_EV_IRQHandler():
   a:	46c0      	nop			(mov r8, r8)
Disassembly of section .text.I2C1_ER_IRQHandler:

00000000 <I2C1_ER_IRQHandler>:
USBWakeUp_IRQHandler():
C:\Documents and Settings\Jingxi\My Documents\My Projects\STM32Primer\Projects\STM32ECG\src/stm32f10x_it.c:378
   0:	b480      	push	{r7}
   2:	af00      	add	r7, sp, #0
C:\Documents and Settings\Jingxi\My Documents\My Projects\STM32Primer\Projects\STM32ECG\src/stm32f10x_it.c:379
   4:	46bd      	mov	sp, r7
   6:	bc80      	pop	{r7}
   8:	4770      	bx	lr
I2C1_ER_IRQHandler():
   a:	46c0      	nop			(mov r8, r8)
Disassembly of section .text.I2C2_EV_IRQHandler:

00000000 <I2C2_EV_IRQHandler>:
USBWakeUp_IRQHandler():
C:\Documents and Settings\Jingxi\My Documents\My Projects\STM32Primer\Projects\STM32ECG\src/stm32f10x_it.c:378
   0:	b480      	push	{r7}
   2:	af00      	add	r7, sp, #0
C:\Documents and Settings\Jingxi\My Documents\My Projects\STM32Primer\Projects\STM32ECG\src/stm32f10x_it.c:379
   4:	46bd      	mov	sp, r7
   6:	bc80      	pop	{r7}
   8:	4770      	bx	lr
I2C2_EV_IRQHandler():
   a:	46c0      	nop			(mov r8, r8)
Disassembly of section .text.I2C2_ER_IRQHandler:

00000000 <I2C2_ER_IRQHandler>:
USBWakeUp_IRQHandler():
C:\Documents and Settings\Jingxi\My Documents\My Projects\STM32Primer\Projects\STM32ECG\src/stm32f10x_it.c:378
   0:	b480      	push	{r7}
   2:	af00      	add	r7, sp, #0
C:\Documents and Settings\Jingxi\My Documents\My Projects\STM32Primer\Projects\STM32ECG\src/stm32f10x_it.c:379
   4:	46bd      	mov	sp, r7
   6:	bc80      	pop	{r7}
   8:	4770      	bx	lr
I2C2_ER_IRQHandler():
   a:	46c0      	nop			(mov r8, r8)
Disassembly of section .text.SPI1_IRQHandler:

00000000 <SPI1_IRQHandler>:
USBWakeUp_IRQHandler():
C:\Documents and Settings\Jingxi\My Documents\My Projects\STM32Primer\Projects\STM32ECG\src/stm32f10x_it.c:378
   0:	b480      	push	{r7}
   2:	af00      	add	r7, sp, #0
C:\Documents and Settings\Jingxi\My Documents\My Projects\STM32Primer\Projects\STM32ECG\src/stm32f10x_it.c:379
   4:	46bd      	mov	sp, r7
   6:	bc80      	pop	{r7}
   8:	4770      	bx	lr
SPI1_IRQHandler():
   a:	46c0      	nop			(mov r8, r8)
Disassembly of section .text.SPI2_IRQHandler:

00000000 <SPI2_IRQHandler>:
USBWakeUp_IRQHandler():
C:\Documents and Settings\Jingxi\My Documents\My Projects\STM32Primer\Projects\STM32ECG\src/stm32f10x_it.c:378
   0:	b480      	push	{r7}
   2:	af00      	add	r7, sp, #0
C:\Documents and Settings\Jingxi\My Documents\My Projects\STM32Primer\Projects\STM32ECG\src/stm32f10x_it.c:379
   4:	46bd      	mov	sp, r7
   6:	bc80      	pop	{r7}
   8:	4770      	bx	lr
SPI2_IRQHandler():
   a:	46c0      	nop			(mov r8, r8)
Disassembly of section .text.USART1_IRQHandler:

00000000 <USART1_IRQHandler>:
USBWakeUp_IRQHandler():
C:\Documents and Settings\Jingxi\My Documents\My Projects\STM32Primer\Projects\STM32ECG\src/stm32f10x_it.c:378
   0:	b480      	push	{r7}
   2:	af00      	add	r7, sp, #0
C:\Documents and Settings\Jingxi\My Documents\My Projects\STM32Primer\Projects\STM32ECG\src/stm32f10x_it.c:379
   4:	46bd      	mov	sp, r7
   6:	bc80      	pop	{r7}
   8:	4770      	bx	lr
USART1_IRQHandler():
   a:	46c0      	nop			(mov r8, r8)
Disassembly of section .text.USART2_IRQHandler:

00000000 <USART2_IRQHandler>:
USBWakeUp_IRQHandler():
C:\Documents and Settings\Jingxi\My Documents\My Projects\STM32Primer\Projects\STM32ECG\src/stm32f10x_it.c:378
   0:	b480      	push	{r7}
   2:	af00      	add	r7, sp, #0
C:\Documents and Settings\Jingxi\My Documents\My Projects\STM32Primer\Projects\STM32ECG\src/stm32f10x_it.c:379
   4:	46bd      	mov	sp, r7
   6:	bc80      	pop	{r7}
   8:	4770      	bx	lr
USART2_IRQHandler():
   a:	46c0      	nop			(mov r8, r8)
Disassembly of section .text.USART3_IRQHandler:

00000000 <USART3_IRQHandler>:
USBWakeUp_IRQHandler():
C:\Documents and Settings\Jingxi\My Documents\My Projects\STM32Primer\Projects\STM32ECG\src/stm32f10x_it.c:378
   0:	b480      	push	{r7}
   2:	af00      	add	r7, sp, #0
C:\Documents and Settings\Jingxi\My Documents\My Projects\STM32Primer\Projects\STM32ECG\src/stm32f10x_it.c:379
   4:	46bd      	mov	sp, r7
   6:	bc80      	pop	{r7}
   8:	4770      	bx	lr
USART3_IRQHandler():
   a:	46c0      	nop			(mov r8, r8)
Disassembly of section .text.EXTI15_10_IRQHandler:

00000000 <EXTI15_10_IRQHandler>:
USBWakeUp_IRQHandler():
C:\Documents and Settings\Jingxi\My Documents\My Projects\STM32Primer\Projects\STM32ECG\src/stm32f10x_it.c:378
   0:	b480      	push	{r7}
   2:	af00      	add	r7, sp, #0
C:\Documents and Settings\Jingxi\My Documents\My Projects\STM32Primer\Projects\STM32ECG\src/stm32f10x_it.c:379
   4:	46bd      	mov	sp, r7
   6:	bc80      	pop	{r7}
   8:	4770      	bx	lr
EXTI15_10_IRQHandler():
   a:	46c0      	nop			(mov r8, r8)
Disassembly of section .text.RTCAlarm_IRQHandler:

00000000 <RTCAlarm_IRQHandler>:
USBWakeUp_IRQHandler():
C:\Documents and Settings\Jingxi\My Documents\My Projects\STM32Primer\Projects\STM32ECG\src/stm32f10x_it.c:378
   0:	b480      	push	{r7}
   2:	af00      	add	r7, sp, #0
C:\Documents and Settings\Jingxi\My Documents\My Projects\STM32Primer\Projects\STM32ECG\src/stm32f10x_it.c:379
   4:	46bd      	mov	sp, r7
   6:	bc80      	pop	{r7}
   8:	4770      	bx	lr
RTCAlarm_IRQHandler():
   a:	46c0      	nop			(mov r8, r8)
Disassembly of section .text.USBWakeUp_IRQHandler:

00000000 <USBWakeUp_IRQHandler>:
USBWakeUp_IRQHandler():
C:\Documents and Settings\Jingxi\My Documents\My Projects\STM32Primer\Projects\STM32ECG\src/stm32f10x_it.c:378
   0:	b480      	push	{r7}
   2:	af00      	add	r7, sp, #0
C:\Documents and Settings\Jingxi\My Documents\My Projects\STM32Primer\Projects\STM32ECG\src/stm32f10x_it.c:379
   4:	46bd      	mov	sp, r7
   6:	bc80      	pop	{r7}
   8:	4770      	bx	lr
   a:	46c0      	nop			(mov r8, r8)
