
C:\Documents and Settings\Jingxi\My Documents\My Projects\STM32Primer\Projects\STM32ECG\objdebug\usb_regs.o:     file format elf32-littlearm
C:\Documents and Settings\Jingxi\My Documents\My Projects\STM32Primer\Projects\STM32ECG\objdebug\usb_regs.o

Disassembly of section .text.SetCNTR:

00000000 <SetCNTR>:
SetCNTR():
C:\Documents and Settings\Jingxi\My Documents\My Projects\STM32Primer\Projects\STM32ECG\USBLIB/usb_regs.c:39
   0:	4b01      	ldr	r3, [pc, #4]	(8 <SetCNTR+0x8>)
   2:	6018      	str	r0, [r3, #0]
C:\Documents and Settings\Jingxi\My Documents\My Projects\STM32Primer\Projects\STM32ECG\USBLIB/usb_regs.c:41
   4:	4770      	bx	lr
   6:	46c0      	nop			(mov r8, r8)
   8:	40005c40 	.word	0x40005c40
Disassembly of section .text.GetCNTR:

00000000 <GetCNTR>:
GetCNTR():
C:\Documents and Settings\Jingxi\My Documents\My Projects\STM32Primer\Projects\STM32ECG\USBLIB/usb_regs.c:51
   0:	4b01      	ldr	r3, [pc, #4]	(8 <GetCNTR+0x8>)
   2:	6818      	ldr	r0, [r3, #0]
C:\Documents and Settings\Jingxi\My Documents\My Projects\STM32Primer\Projects\STM32ECG\USBLIB/usb_regs.c:53
   4:	b280      	uxth	r0, r0
   6:	4770      	bx	lr
   8:	40005c40 	.word	0x40005c40
Disassembly of section .text.SetISTR:

00000000 <SetISTR>:
SetISTR():
C:\Documents and Settings\Jingxi\My Documents\My Projects\STM32Primer\Projects\STM32ECG\USBLIB/usb_regs.c:63
   0:	4b01      	ldr	r3, [pc, #4]	(8 <SetISTR+0x8>)
   2:	6018      	str	r0, [r3, #0]
C:\Documents and Settings\Jingxi\My Documents\My Projects\STM32Primer\Projects\STM32ECG\USBLIB/usb_regs.c:65
   4:	4770      	bx	lr
   6:	46c0      	nop			(mov r8, r8)
   8:	40005c44 	.word	0x40005c44
Disassembly of section .text.GetISTR:

00000000 <GetISTR>:
GetISTR():
C:\Documents and Settings\Jingxi\My Documents\My Projects\STM32Primer\Projects\STM32ECG\USBLIB/usb_regs.c:75
   0:	4b01      	ldr	r3, [pc, #4]	(8 <GetISTR+0x8>)
   2:	6818      	ldr	r0, [r3, #0]
C:\Documents and Settings\Jingxi\My Documents\My Projects\STM32Primer\Projects\STM32ECG\USBLIB/usb_regs.c:77
   4:	b280      	uxth	r0, r0
   6:	4770      	bx	lr
   8:	40005c44 	.word	0x40005c44
Disassembly of section .text.GetFNR:

00000000 <GetFNR>:
GetFNR():
C:\Documents and Settings\Jingxi\My Documents\My Projects\STM32Primer\Projects\STM32ECG\USBLIB/usb_regs.c:87
   0:	4b01      	ldr	r3, [pc, #4]	(8 <GetFNR+0x8>)
   2:	6818      	ldr	r0, [r3, #0]
C:\Documents and Settings\Jingxi\My Documents\My Projects\STM32Primer\Projects\STM32ECG\USBLIB/usb_regs.c:89
   4:	b280      	uxth	r0, r0
   6:	4770      	bx	lr
   8:	40005c48 	.word	0x40005c48
Disassembly of section .text.SetDADDR:

00000000 <SetDADDR>:
SetDADDR():
C:\Documents and Settings\Jingxi\My Documents\My Projects\STM32Primer\Projects\STM32ECG\USBLIB/usb_regs.c:99
   0:	4b01      	ldr	r3, [pc, #4]	(8 <SetDADDR+0x8>)
   2:	6018      	str	r0, [r3, #0]
C:\Documents and Settings\Jingxi\My Documents\My Projects\STM32Primer\Projects\STM32ECG\USBLIB/usb_regs.c:101
   4:	4770      	bx	lr
   6:	46c0      	nop			(mov r8, r8)
   8:	40005c4c 	.word	0x40005c4c
Disassembly of section .text.GetDADDR:

00000000 <GetDADDR>:
GetDADDR():
C:\Documents and Settings\Jingxi\My Documents\My Projects\STM32Primer\Projects\STM32ECG\USBLIB/usb_regs.c:111
   0:	4b01      	ldr	r3, [pc, #4]	(8 <GetDADDR+0x8>)
   2:	6818      	ldr	r0, [r3, #0]
C:\Documents and Settings\Jingxi\My Documents\My Projects\STM32Primer\Projects\STM32ECG\USBLIB/usb_regs.c:113
   4:	b280      	uxth	r0, r0
   6:	4770      	bx	lr
   8:	40005c4c 	.word	0x40005c4c
Disassembly of section .text.SetBTABLE:

00000000 <SetBTABLE>:
SetBTABLE():
C:\Documents and Settings\Jingxi\My Documents\My Projects\STM32Primer\Projects\STM32ECG\USBLIB/usb_regs.c:123
   0:	f64f 73f8 	movw	r3, #65528	; 0xfff8
   4:	4a02      	ldr	r2, [pc, #8]	(10 <SetBTABLE+0x10>)
   6:	ea00 0303 	and.w	r3, r0, r3
   a:	6013      	str	r3, [r2, #0]
C:\Documents and Settings\Jingxi\My Documents\My Projects\STM32Primer\Projects\STM32ECG\USBLIB/usb_regs.c:125
   c:	4770      	bx	lr
   e:	46c0      	nop			(mov r8, r8)
  10:	40005c50 	.word	0x40005c50
Disassembly of section .text.GetBTABLE:

00000000 <GetBTABLE>:
GetBTABLE():
C:\Documents and Settings\Jingxi\My Documents\My Projects\STM32Primer\Projects\STM32ECG\USBLIB/usb_regs.c:135
   0:	4b01      	ldr	r3, [pc, #4]	(8 <GetBTABLE+0x8>)
   2:	6818      	ldr	r0, [r3, #0]
C:\Documents and Settings\Jingxi\My Documents\My Projects\STM32Primer\Projects\STM32ECG\USBLIB/usb_regs.c:137
   4:	b280      	uxth	r0, r0
   6:	4770      	bx	lr
   8:	40005c50 	.word	0x40005c50
Disassembly of section .text.SetENDPOINT:

00000000 <SetENDPOINT>:
SetENDPOINT():
C:\Documents and Settings\Jingxi\My Documents\My Projects\STM32Primer\Projects\STM32ECG\USBLIB/usb_regs.c:148
   0:	4b01      	ldr	r3, [pc, #4]	(8 <SetENDPOINT+0x8>)
   2:	f843 1020 	str.w	r1, [r3, r0, lsl #2]
C:\Documents and Settings\Jingxi\My Documents\My Projects\STM32Primer\Projects\STM32ECG\USBLIB/usb_regs.c:150
   6:	4770      	bx	lr
   8:	40005c00 	.word	0x40005c00
Disassembly of section .text.GetENDPOINT:

00000000 <GetENDPOINT>:
GetENDPOINT():
C:\Documents and Settings\Jingxi\My Documents\My Projects\STM32Primer\Projects\STM32ECG\USBLIB/usb_regs.c:160
   0:	4b02      	ldr	r3, [pc, #8]	(c <GetENDPOINT+0xc>)
   2:	f853 0020 	ldr.w	r0, [r3, r0, lsl #2]
C:\Documents and Settings\Jingxi\My Documents\My Projects\STM32Primer\Projects\STM32ECG\USBLIB/usb_regs.c:162
   6:	b280      	uxth	r0, r0
   8:	4770      	bx	lr
   a:	46c0      	nop			(mov r8, r8)
   c:	40005c00 	.word	0x40005c00
Disassembly of section .text.SetEPType:

00000000 <SetEPType>:
SetEPType():
C:\Documents and Settings\Jingxi\My Documents\My Projects\STM32Primer\Projects\STM32ECG\USBLIB/usb_regs.c:173
   0:	b510      	push	{r4, lr}
C:\Documents and Settings\Jingxi\My Documents\My Projects\STM32Primer\Projects\STM32ECG\USBLIB/usb_regs.c:174
   2:	4c05      	ldr	r4, [pc, #20]	(18 <SetEPType+0x18>)
   4:	f648 138f 	movw	r3, #35215	; 0x898f
   8:	f854 2020 	ldr.w	r2, [r4, r0, lsl #2]
   c:	ea02 0303 	and.w	r3, r2, r3
  10:	430b      	orrs	r3, r1
  12:	f844 3020 	str.w	r3, [r4, r0, lsl #2]
C:\Documents and Settings\Jingxi\My Documents\My Projects\STM32Primer\Projects\STM32ECG\USBLIB/usb_regs.c:175
  16:	bd10      	pop	{r4, pc}
  18:	40005c00 	.word	0x40005c00
Disassembly of section .text.GetEPType:

00000000 <GetEPType>:
GetEPType():
C:\Documents and Settings\Jingxi\My Documents\My Projects\STM32Primer\Projects\STM32ECG\USBLIB/usb_regs.c:185
   0:	4b02      	ldr	r3, [pc, #8]	(c <GetEPType+0xc>)
   2:	f853 0020 	ldr.w	r0, [r3, r0, lsl #2]
C:\Documents and Settings\Jingxi\My Documents\My Projects\STM32Primer\Projects\STM32ECG\USBLIB/usb_regs.c:187
   6:	f400 60c0 	and.w	r0, r0, #1536	; 0x600
   a:	4770      	bx	lr
   c:	40005c00 	.word	0x40005c00
Disassembly of section .text.SetEPTxStatus:

00000000 <SetEPTxStatus>:
SetEPTxStatus():
C:\Documents and Settings\Jingxi\My Documents\My Projects\STM32Primer\Projects\STM32ECG\USBLIB/usb_regs.c:198
   0:	b510      	push	{r4, lr}
C:\Documents and Settings\Jingxi\My Documents\My Projects\STM32Primer\Projects\STM32ECG\USBLIB/usb_regs.c:199
   2:	4c0a      	ldr	r4, [pc, #40]	(2c <SetEPTxStatus+0x2c>)
   4:	f648 72bf 	movw	r2, #36799	; 0x8fbf
   8:	f854 3020 	ldr.w	r3, [r4, r0, lsl #2]
   c:	f011 0f10 	tst.w	r1, #16	; 0x10
  10:	ea03 0202 	and.w	r2, r3, r2
  14:	bf18      	it	ne
  16:	f082 0210 	eorne.w	r2, r2, #16	; 0x10
  1a:	f011 0f20 	tst.w	r1, #32	; 0x20
  1e:	bf18      	it	ne
  20:	f082 0220 	eorne.w	r2, r2, #32	; 0x20
  24:	f844 2020 	str.w	r2, [r4, r0, lsl #2]
C:\Documents and Settings\Jingxi\My Documents\My Projects\STM32Primer\Projects\STM32ECG\USBLIB/usb_regs.c:200
  28:	bd10      	pop	{r4, pc}
  2a:	46c0      	nop			(mov r8, r8)
  2c:	40005c00 	.word	0x40005c00
Disassembly of section .text.SetEPRxStatus:

00000000 <SetEPRxStatus>:
SetEPRxStatus():
C:\Documents and Settings\Jingxi\My Documents\My Projects\STM32Primer\Projects\STM32ECG\USBLIB/usb_regs.c:211
   0:	b510      	push	{r4, lr}
C:\Documents and Settings\Jingxi\My Documents\My Projects\STM32Primer\Projects\STM32ECG\USBLIB/usb_regs.c:212
   2:	4c0a      	ldr	r4, [pc, #40]	(2c <SetEPRxStatus+0x2c>)
   4:	f64b 728f 	movw	r2, #49039	; 0xbf8f
   8:	f854 3020 	ldr.w	r3, [r4, r0, lsl #2]
   c:	f411 5f80 	tst.w	r1, #4096	; 0x1000
  10:	ea03 0202 	and.w	r2, r3, r2
  14:	bf18      	it	ne
  16:	f482 5280 	eorne.w	r2, r2, #4096	; 0x1000
  1a:	f411 5f00 	tst.w	r1, #8192	; 0x2000
  1e:	bf18      	it	ne
  20:	f482 5200 	eorne.w	r2, r2, #8192	; 0x2000
  24:	f844 2020 	str.w	r2, [r4, r0, lsl #2]
C:\Documents and Settings\Jingxi\My Documents\My Projects\STM32Primer\Projects\STM32ECG\USBLIB/usb_regs.c:213
  28:	bd10      	pop	{r4, pc}
  2a:	46c0      	nop			(mov r8, r8)
  2c:	40005c00 	.word	0x40005c00
Disassembly of section .text.SetDouBleBuffEPStall:

00000000 <SetDouBleBuffEPStall>:
SetDouBleBuffEPStall():
C:\Documents and Settings\Jingxi\My Documents\My Projects\STM32Primer\Projects\STM32ECG\USBLIB/usb_regs.c:224
   0:	b570      	push	{r4, r5, r6, lr}
   2:	460c      	mov	r4, r1
   4:	4605      	mov	r5, r0
C:\Documents and Settings\Jingxi\My Documents\My Projects\STM32Primer\Projects\STM32ECG\USBLIB/usb_regs.c:226
   6:	f7ff fffe 	bl	0 <SetDouBleBuffEPStall>
C:\Documents and Settings\Jingxi\My Documents\My Projects\STM32Primer\Projects\STM32ECG\USBLIB/usb_regs.c:227
   a:	2c01      	cmp	r4, #1
   c:	d102      	bne.n	14 <SetDouBleBuffEPStall+0x14>
C:\Documents and Settings\Jingxi\My Documents\My Projects\STM32Primer\Projects\STM32ECG\USBLIB/usb_regs.c:229
   e:	f420 5280 	bic.w	r2, r0, #4096	; 0x1000
  12:	e003      	b.n	1c <SetDouBleBuffEPStall+0x1c>
C:\Documents and Settings\Jingxi\My Documents\My Projects\STM32Primer\Projects\STM32ECG\USBLIB/usb_regs.c:231
  14:	2c02      	cmp	r4, #2
  16:	d104      	bne.n	22 <SetDouBleBuffEPStall+0x22>
C:\Documents and Settings\Jingxi\My Documents\My Projects\STM32Primer\Projects\STM32ECG\USBLIB/usb_regs.c:233
  18:	f020 0210 	bic.w	r2, r0, #16	; 0x10
  1c:	4b01      	ldr	r3, [pc, #4]	(24 <SetDouBleBuffEPStall+0x24>)
  1e:	f843 2025 	str.w	r2, [r3, r5, lsl #2]
C:\Documents and Settings\Jingxi\My Documents\My Projects\STM32Primer\Projects\STM32ECG\USBLIB/usb_regs.c:235
  22:	bd70      	pop	{r4, r5, r6, pc}
  24:	40005c00 	.word	0x40005c00
Disassembly of section .text.GetEPTxStatus:

00000000 <GetEPTxStatus>:
GetEPTxStatus():
C:\Documents and Settings\Jingxi\My Documents\My Projects\STM32Primer\Projects\STM32ECG\USBLIB/usb_regs.c:245
   0:	4b02      	ldr	r3, [pc, #8]	(c <GetEPTxStatus+0xc>)
   2:	f853 0020 	ldr.w	r0, [r3, r0, lsl #2]
C:\Documents and Settings\Jingxi\My Documents\My Projects\STM32Primer\Projects\STM32ECG\USBLIB/usb_regs.c:247
   6:	f000 0030 	and.w	r0, r0, #48	; 0x30
   a:	4770      	bx	lr
   c:	40005c00 	.word	0x40005c00
Disassembly of section .text.GetEPRxStatus:

00000000 <GetEPRxStatus>:
GetEPRxStatus():
C:\Documents and Settings\Jingxi\My Documents\My Projects\STM32Primer\Projects\STM32ECG\USBLIB/usb_regs.c:257
   0:	4b02      	ldr	r3, [pc, #8]	(c <GetEPRxStatus+0xc>)
   2:	f853 0020 	ldr.w	r0, [r3, r0, lsl #2]
C:\Documents and Settings\Jingxi\My Documents\My Projects\STM32Primer\Projects\STM32ECG\USBLIB/usb_regs.c:259
   6:	f400 5040 	and.w	r0, r0, #12288	; 0x3000
   a:	4770      	bx	lr
   c:	40005c00 	.word	0x40005c00
Disassembly of section .text.SetEPTxValid:

00000000 <SetEPTxValid>:
SetEPTxValid():
C:\Documents and Settings\Jingxi\My Documents\My Projects\STM32Primer\Projects\STM32ECG\USBLIB/usb_regs.c:269
   0:	4905      	ldr	r1, [pc, #20]	(18 <SetEPTxValid+0x18>)
   2:	f648 73bf 	movw	r3, #36799	; 0x8fbf
   6:	f851 2020 	ldr.w	r2, [r1, r0, lsl #2]
   a:	ea02 0303 	and.w	r3, r2, r3
   e:	f083 0330 	eor.w	r3, r3, #48	; 0x30
  12:	f841 3020 	str.w	r3, [r1, r0, lsl #2]
C:\Documents and Settings\Jingxi\My Documents\My Projects\STM32Primer\Projects\STM32ECG\USBLIB/usb_regs.c:271
  16:	4770      	bx	lr
  18:	40005c00 	.word	0x40005c00
Disassembly of section .text.SetEPRxValid:

00000000 <SetEPRxValid>:
SetEPRxValid():
C:\Documents and Settings\Jingxi\My Documents\My Projects\STM32Primer\Projects\STM32ECG\USBLIB/usb_regs.c:281
   0:	4905      	ldr	r1, [pc, #20]	(18 <SetEPRxValid+0x18>)
   2:	f64b 738f 	movw	r3, #49039	; 0xbf8f
   6:	f851 2020 	ldr.w	r2, [r1, r0, lsl #2]
   a:	ea02 0303 	and.w	r3, r2, r3
   e:	f483 5340 	eor.w	r3, r3, #12288	; 0x3000
  12:	f841 3020 	str.w	r3, [r1, r0, lsl #2]
C:\Documents and Settings\Jingxi\My Documents\My Projects\STM32Primer\Projects\STM32ECG\USBLIB/usb_regs.c:283
  16:	4770      	bx	lr
  18:	40005c00 	.word	0x40005c00
Disassembly of section .text.SetEP_KIND:

00000000 <SetEP_KIND>:
SetEP_KIND():
C:\Documents and Settings\Jingxi\My Documents\My Projects\STM32Primer\Projects\STM32ECG\USBLIB/usb_regs.c:293
   0:	4905      	ldr	r1, [pc, #20]	(18 <SetEP_KIND+0x18>)
   2:	f648 638f 	movw	r3, #36495	; 0x8e8f
   6:	f851 2020 	ldr.w	r2, [r1, r0, lsl #2]
   a:	ea02 0303 	and.w	r3, r2, r3
   e:	f443 7380 	orr.w	r3, r3, #256	; 0x100
  12:	f841 3020 	str.w	r3, [r1, r0, lsl #2]
C:\Documents and Settings\Jingxi\My Documents\My Projects\STM32Primer\Projects\STM32ECG\USBLIB/usb_regs.c:295
  16:	4770      	bx	lr
  18:	40005c00 	.word	0x40005c00
Disassembly of section .text.ClearEP_KIND:

00000000 <ClearEP_KIND>:
ClearEP_KIND():
C:\Documents and Settings\Jingxi\My Documents\My Projects\STM32Primer\Projects\STM32ECG\USBLIB/usb_regs.c:305
   0:	4904      	ldr	r1, [pc, #16]	(14 <ClearEP_KIND+0x14>)
   2:	f648 638f 	movw	r3, #36495	; 0x8e8f
   6:	f851 2020 	ldr.w	r2, [r1, r0, lsl #2]
   a:	ea02 0303 	and.w	r3, r2, r3
   e:	f841 3020 	str.w	r3, [r1, r0, lsl #2]
C:\Documents and Settings\Jingxi\My Documents\My Projects\STM32Primer\Projects\STM32ECG\USBLIB/usb_regs.c:307
  12:	4770      	bx	lr
  14:	40005c00 	.word	0x40005c00
Disassembly of section .text.Clear_Status_Out:

00000000 <Clear_Status_Out>:
Clear_Status_Out():
C:\Documents and Settings\Jingxi\My Documents\My Projects\STM32Primer\Projects\STM32ECG\USBLIB/usb_regs.c:316
   0:	4904      	ldr	r1, [pc, #16]	(14 <Clear_Status_Out+0x14>)
   2:	f648 638f 	movw	r3, #36495	; 0x8e8f
   6:	f851 2020 	ldr.w	r2, [r1, r0, lsl #2]
   a:	ea02 0303 	and.w	r3, r2, r3
   e:	f841 3020 	str.w	r3, [r1, r0, lsl #2]
C:\Documents and Settings\Jingxi\My Documents\My Projects\STM32Primer\Projects\STM32ECG\USBLIB/usb_regs.c:318
  12:	4770      	bx	lr
  14:	40005c00 	.word	0x40005c00
Disassembly of section .text.Set_Status_Out:

00000000 <Set_Status_Out>:
Set_Status_Out():
C:\Documents and Settings\Jingxi\My Documents\My Projects\STM32Primer\Projects\STM32ECG\USBLIB/usb_regs.c:327
   0:	4905      	ldr	r1, [pc, #20]	(18 <Set_Status_Out+0x18>)
   2:	f648 638f 	movw	r3, #36495	; 0x8e8f
   6:	f851 2020 	ldr.w	r2, [r1, r0, lsl #2]
   a:	ea02 0303 	and.w	r3, r2, r3
   e:	f443 7380 	orr.w	r3, r3, #256	; 0x100
  12:	f841 3020 	str.w	r3, [r1, r0, lsl #2]
C:\Documents and Settings\Jingxi\My Documents\My Projects\STM32Primer\Projects\STM32ECG\USBLIB/usb_regs.c:329
  16:	4770      	bx	lr
  18:	40005c00 	.word	0x40005c00
Disassembly of section .text.SetEPDoubleBuff:

00000000 <SetEPDoubleBuff>:
SetEPDoubleBuff():
C:\Documents and Settings\Jingxi\My Documents\My Projects\STM32Primer\Projects\STM32ECG\USBLIB/usb_regs.c:338
   0:	4905      	ldr	r1, [pc, #20]	(18 <SetEPDoubleBuff+0x18>)
   2:	f648 638f 	movw	r3, #36495	; 0x8e8f
   6:	f851 2020 	ldr.w	r2, [r1, r0, lsl #2]
   a:	ea02 0303 	and.w	r3, r2, r3
   e:	f443 7380 	orr.w	r3, r3, #256	; 0x100
  12:	f841 3020 	str.w	r3, [r1, r0, lsl #2]
C:\Documents and Settings\Jingxi\My Documents\My Projects\STM32Primer\Projects\STM32ECG\USBLIB/usb_regs.c:340
  16:	4770      	bx	lr
  18:	40005c00 	.word	0x40005c00
Disassembly of section .text.ClearEPDoubleBuff:

00000000 <ClearEPDoubleBuff>:
ClearEPDoubleBuff():
C:\Documents and Settings\Jingxi\My Documents\My Projects\STM32Primer\Projects\STM32ECG\USBLIB/usb_regs.c:349
   0:	4904      	ldr	r1, [pc, #16]	(14 <ClearEPDoubleBuff+0x14>)
   2:	f648 638f 	movw	r3, #36495	; 0x8e8f
   6:	f851 2020 	ldr.w	r2, [r1, r0, lsl #2]
   a:	ea02 0303 	and.w	r3, r2, r3
   e:	f841 3020 	str.w	r3, [r1, r0, lsl #2]
C:\Documents and Settings\Jingxi\My Documents\My Projects\STM32Primer\Projects\STM32ECG\USBLIB/usb_regs.c:351
  12:	4770      	bx	lr
  14:	40005c00 	.word	0x40005c00
Disassembly of section .text.GetTxStallStatus:

00000000 <GetTxStallStatus>:
GetTxStallStatus():
C:\Documents and Settings\Jingxi\My Documents\My Projects\STM32Primer\Projects\STM32ECG\USBLIB/usb_regs.c:360
   0:	4b04      	ldr	r3, [pc, #16]	(14 <GetTxStallStatus+0x14>)
   2:	f853 0020 	ldr.w	r0, [r3, r0, lsl #2]
   6:	f000 0030 	and.w	r0, r0, #48	; 0x30
C:\Documents and Settings\Jingxi\My Documents\My Projects\STM32Primer\Projects\STM32ECG\USBLIB/usb_regs.c:362
   a:	2810      	cmp	r0, #16
   c:	bf14      	ite	ne
   e:	2000      	movne	r0, #0
  10:	2001      	moveq	r0, #1
  12:	4770      	bx	lr
  14:	40005c00 	.word	0x40005c00
Disassembly of section .text.GetRxStallStatus:

00000000 <GetRxStallStatus>:
GetRxStallStatus():
C:\Documents and Settings\Jingxi\My Documents\My Projects\STM32Primer\Projects\STM32ECG\USBLIB/usb_regs.c:371
   0:	4b05      	ldr	r3, [pc, #20]	(18 <GetRxStallStatus+0x18>)
   2:	f853 0020 	ldr.w	r0, [r3, r0, lsl #2]
   6:	f400 5040 	and.w	r0, r0, #12288	; 0x3000
C:\Documents and Settings\Jingxi\My Documents\My Projects\STM32Primer\Projects\STM32ECG\USBLIB/usb_regs.c:373
   a:	f5b0 5f80 	cmp.w	r0, #4096	; 0x1000
   e:	bf14      	ite	ne
  10:	2000      	movne	r0, #0
  12:	2001      	moveq	r0, #1
  14:	4770      	bx	lr
  16:	46c0      	nop			(mov r8, r8)
  18:	40005c00 	.word	0x40005c00
Disassembly of section .text.ClearEP_CTR_RX:

00000000 <ClearEP_CTR_RX>:
ClearEP_CTR_RX():
C:\Documents and Settings\Jingxi\My Documents\My Projects\STM32Primer\Projects\STM32ECG\USBLIB/usb_regs.c:382
   0:	4904      	ldr	r1, [pc, #16]	(14 <ClearEP_CTR_RX+0x14>)
   2:	f640 738f 	movw	r3, #3983	; 0xf8f
   6:	f851 2020 	ldr.w	r2, [r1, r0, lsl #2]
   a:	ea02 0303 	and.w	r3, r2, r3
   e:	f841 3020 	str.w	r3, [r1, r0, lsl #2]
C:\Documents and Settings\Jingxi\My Documents\My Projects\STM32Primer\Projects\STM32ECG\USBLIB/usb_regs.c:384
  12:	4770      	bx	lr
  14:	40005c00 	.word	0x40005c00
Disassembly of section .text.ClearEP_CTR_TX:

00000000 <ClearEP_CTR_TX>:
ClearEP_CTR_TX():
C:\Documents and Settings\Jingxi\My Documents\My Projects\STM32Primer\Projects\STM32ECG\USBLIB/usb_regs.c:393
   0:	4904      	ldr	r1, [pc, #16]	(14 <ClearEP_CTR_TX+0x14>)
   2:	f648 730f 	movw	r3, #36623	; 0x8f0f
   6:	f851 2020 	ldr.w	r2, [r1, r0, lsl #2]
   a:	ea02 0303 	and.w	r3, r2, r3
   e:	f841 3020 	str.w	r3, [r1, r0, lsl #2]
C:\Documents and Settings\Jingxi\My Documents\My Projects\STM32Primer\Projects\STM32ECG\USBLIB/usb_regs.c:395
  12:	4770      	bx	lr
  14:	40005c00 	.word	0x40005c00
Disassembly of section .text.ToggleDTOG_RX:

00000000 <ToggleDTOG_RX>:
ToggleDTOG_RX():
C:\Documents and Settings\Jingxi\My Documents\My Projects\STM32Primer\Projects\STM32ECG\USBLIB/usb_regs.c:404
   0:	4905      	ldr	r1, [pc, #20]	(18 <ToggleDTOG_RX+0x18>)
   2:	f648 738f 	movw	r3, #36751	; 0x8f8f
   6:	f851 2020 	ldr.w	r2, [r1, r0, lsl #2]
   a:	ea02 0303 	and.w	r3, r2, r3
   e:	f443 4380 	orr.w	r3, r3, #16384	; 0x4000
  12:	f841 3020 	str.w	r3, [r1, r0, lsl #2]
C:\Documents and Settings\Jingxi\My Documents\My Projects\STM32Primer\Projects\STM32ECG\USBLIB/usb_regs.c:406
  16:	4770      	bx	lr
  18:	40005c00 	.word	0x40005c00
Disassembly of section .text.ToggleDTOG_TX:

00000000 <ToggleDTOG_TX>:
ToggleDTOG_TX():
C:\Documents and Settings\Jingxi\My Documents\My Projects\STM32Primer\Projects\STM32ECG\USBLIB/usb_regs.c:415
   0:	4905      	ldr	r1, [pc, #20]	(18 <ToggleDTOG_TX+0x18>)
   2:	f648 738f 	movw	r3, #36751	; 0x8f8f
   6:	f851 2020 	ldr.w	r2, [r1, r0, lsl #2]
   a:	ea02 0303 	and.w	r3, r2, r3
   e:	f043 0340 	orr.w	r3, r3, #64	; 0x40
  12:	f841 3020 	str.w	r3, [r1, r0, lsl #2]
C:\Documents and Settings\Jingxi\My Documents\My Projects\STM32Primer\Projects\STM32ECG\USBLIB/usb_regs.c:417
  16:	4770      	bx	lr
  18:	40005c00 	.word	0x40005c00
Disassembly of section .text.ClearDTOG_RX:

00000000 <ClearDTOG_RX>:
ClearDTOG_RX():
C:\Documents and Settings\Jingxi\My Documents\My Projects\STM32Primer\Projects\STM32ECG\USBLIB/usb_regs.c:426
   0:	4908      	ldr	r1, [pc, #32]	(24 <ClearDTOG_RX+0x24>)
   2:	f851 3020 	ldr.w	r3, [r1, r0, lsl #2]
   6:	f413 4f80 	tst.w	r3, #16384	; 0x4000
   a:	d009      	beq.n	20 <ClearDTOG_RX+0x20>
   c:	f851 2020 	ldr.w	r2, [r1, r0, lsl #2]
  10:	f648 738f 	movw	r3, #36751	; 0x8f8f
  14:	ea02 0303 	and.w	r3, r2, r3
  18:	f443 4380 	orr.w	r3, r3, #16384	; 0x4000
  1c:	f841 3020 	str.w	r3, [r1, r0, lsl #2]
C:\Documents and Settings\Jingxi\My Documents\My Projects\STM32Primer\Projects\STM32ECG\USBLIB/usb_regs.c:428
  20:	4770      	bx	lr
  22:	46c0      	nop			(mov r8, r8)
  24:	40005c00 	.word	0x40005c00
Disassembly of section .text.ClearDTOG_TX:

00000000 <ClearDTOG_TX>:
ClearDTOG_TX():
C:\Documents and Settings\Jingxi\My Documents\My Projects\STM32Primer\Projects\STM32ECG\USBLIB/usb_regs.c:437
   0:	4908      	ldr	r1, [pc, #32]	(24 <ClearDTOG_TX+0x24>)
   2:	f851 3020 	ldr.w	r3, [r1, r0, lsl #2]
   6:	f013 0f40 	tst.w	r3, #64	; 0x40
   a:	d009      	beq.n	20 <ClearDTOG_TX+0x20>
   c:	f851 2020 	ldr.w	r2, [r1, r0, lsl #2]
  10:	f648 738f 	movw	r3, #36751	; 0x8f8f
  14:	ea02 0303 	and.w	r3, r2, r3
  18:	f043 0340 	orr.w	r3, r3, #64	; 0x40
  1c:	f841 3020 	str.w	r3, [r1, r0, lsl #2]
C:\Documents and Settings\Jingxi\My Documents\My Projects\STM32Primer\Projects\STM32ECG\USBLIB/usb_regs.c:439
  20:	4770      	bx	lr
  22:	46c0      	nop			(mov r8, r8)
  24:	40005c00 	.word	0x40005c00
Disassembly of section .text.SetEPAddress:

00000000 <SetEPAddress>:
SetEPAddress():
C:\Documents and Settings\Jingxi\My Documents\My Projects\STM32Primer\Projects\STM32ECG\USBLIB/usb_regs.c:449
   0:	b510      	push	{r4, lr}
C:\Documents and Settings\Jingxi\My Documents\My Projects\STM32Primer\Projects\STM32ECG\USBLIB/usb_regs.c:450
   2:	4c05      	ldr	r4, [pc, #20]	(18 <SetEPAddress+0x18>)
   4:	f648 738f 	movw	r3, #36751	; 0x8f8f
   8:	f854 2020 	ldr.w	r2, [r4, r0, lsl #2]
   c:	ea02 0303 	and.w	r3, r2, r3
  10:	430b      	orrs	r3, r1
  12:	f844 3020 	str.w	r3, [r4, r0, lsl #2]
C:\Documents and Settings\Jingxi\My Documents\My Projects\STM32Primer\Projects\STM32ECG\USBLIB/usb_regs.c:451
  16:	bd10      	pop	{r4, pc}
  18:	40005c00 	.word	0x40005c00
Disassembly of section .text.GetEPAddress:

00000000 <GetEPAddress>:
GetEPAddress():
C:\Documents and Settings\Jingxi\My Documents\My Projects\STM32Primer\Projects\STM32ECG\USBLIB/usb_regs.c:460
   0:	4b02      	ldr	r3, [pc, #8]	(c <GetEPAddress+0xc>)
   2:	f853 0020 	ldr.w	r0, [r3, r0, lsl #2]
C:\Documents and Settings\Jingxi\My Documents\My Projects\STM32Primer\Projects\STM32ECG\USBLIB/usb_regs.c:462
   6:	f000 000f 	and.w	r0, r0, #15	; 0xf
   a:	4770      	bx	lr
   c:	40005c00 	.word	0x40005c00
Disassembly of section .text.SetEPTxAddr:

00000000 <SetEPTxAddr>:
SetEPTxAddr():
C:\Documents and Settings\Jingxi\My Documents\My Projects\STM32Primer\Projects\STM32ECG\USBLIB/usb_regs.c:472
   0:	4b05      	ldr	r3, [pc, #20]	(18 <SetEPTxAddr+0x18>)
   2:	0849      	lsrs	r1, r1, #1
   4:	681b      	ldr	r3, [r3, #0]
   6:	4a05      	ldr	r2, [pc, #20]	(1c <SetEPTxAddr+0x1c>)
   8:	b29b      	uxth	r3, r3
   a:	eb03 03c0 	add.w	r3, r3, r0, lsl #3
   e:	0049      	lsls	r1, r1, #1
  10:	f842 1013 	str.w	r1, [r2, r3, lsl #1]
C:\Documents and Settings\Jingxi\My Documents\My Projects\STM32Primer\Projects\STM32ECG\USBLIB/usb_regs.c:474
  14:	4770      	bx	lr
  16:	46c0      	nop			(mov r8, r8)
  18:	40005c50 	.word	0x40005c50
  1c:	40006000 	.word	0x40006000
Disassembly of section .text.SetEPRxAddr:

00000000 <SetEPRxAddr>:
SetEPRxAddr():
C:\Documents and Settings\Jingxi\My Documents\My Projects\STM32Primer\Projects\STM32ECG\USBLIB/usb_regs.c:484
   0:	4b05      	ldr	r3, [pc, #20]	(18 <SetEPRxAddr+0x18>)
   2:	0849      	lsrs	r1, r1, #1
   4:	681b      	ldr	r3, [r3, #0]
   6:	4a05      	ldr	r2, [pc, #20]	(1c <SetEPRxAddr+0x1c>)
   8:	b29b      	uxth	r3, r3
   a:	eb03 03c0 	add.w	r3, r3, r0, lsl #3
   e:	0049      	lsls	r1, r1, #1
  10:	f842 1013 	str.w	r1, [r2, r3, lsl #1]
C:\Documents and Settings\Jingxi\My Documents\My Projects\STM32Primer\Projects\STM32ECG\USBLIB/usb_regs.c:486
  14:	4770      	bx	lr
  16:	46c0      	nop			(mov r8, r8)
  18:	40005c50 	.word	0x40005c50
  1c:	40006008 	.word	0x40006008
Disassembly of section .text.GetEPTxAddr:

00000000 <GetEPTxAddr>:
GetEPTxAddr():
C:\Documents and Settings\Jingxi\My Documents\My Projects\STM32Primer\Projects\STM32ECG\USBLIB/usb_regs.c:495
   0:	4b04      	ldr	r3, [pc, #16]	(14 <GetEPTxAddr+0x14>)
C:\Documents and Settings\Jingxi\My Documents\My Projects\STM32Primer\Projects\STM32ECG\USBLIB/usb_regs.c:497
   2:	4a05      	ldr	r2, [pc, #20]	(18 <GetEPTxAddr+0x18>)
C:\Documents and Settings\Jingxi\My Documents\My Projects\STM32Primer\Projects\STM32ECG\USBLIB/usb_regs.c:496
   4:	681b      	ldr	r3, [r3, #0]
C:\Documents and Settings\Jingxi\My Documents\My Projects\STM32Primer\Projects\STM32ECG\USBLIB/usb_regs.c:495
   6:	b29b      	uxth	r3, r3
   8:	eb03 03c0 	add.w	r3, r3, r0, lsl #3
C:\Documents and Settings\Jingxi\My Documents\My Projects\STM32Primer\Projects\STM32ECG\USBLIB/usb_regs.c:497
   c:	f832 0013 	ldrh.w	r0, [r2, r3, lsl #1]
  10:	4770      	bx	lr
  12:	46c0      	nop			(mov r8, r8)
  14:	40005c50 	.word	0x40005c50
  18:	40006000 	.word	0x40006000
Disassembly of section .text.GetEPRxAddr:

00000000 <GetEPRxAddr>:
GetEPRxAddr():
C:\Documents and Settings\Jingxi\My Documents\My Projects\STM32Primer\Projects\STM32ECG\USBLIB/usb_regs.c:506
   0:	4b04      	ldr	r3, [pc, #16]	(14 <GetEPRxAddr+0x14>)
C:\Documents and Settings\Jingxi\My Documents\My Projects\STM32Primer\Projects\STM32ECG\USBLIB/usb_regs.c:508
   2:	4a05      	ldr	r2, [pc, #20]	(18 <GetEPRxAddr+0x18>)
C:\Documents and Settings\Jingxi\My Documents\My Projects\STM32Primer\Projects\STM32ECG\USBLIB/usb_regs.c:507
   4:	681b      	ldr	r3, [r3, #0]
C:\Documents and Settings\Jingxi\My Documents\My Projects\STM32Primer\Projects\STM32ECG\USBLIB/usb_regs.c:506
   6:	b29b      	uxth	r3, r3
   8:	eb03 03c0 	add.w	r3, r3, r0, lsl #3
C:\Documents and Settings\Jingxi\My Documents\My Projects\STM32Primer\Projects\STM32ECG\USBLIB/usb_regs.c:508
   c:	f832 0013 	ldrh.w	r0, [r2, r3, lsl #1]
  10:	4770      	bx	lr
  12:	46c0      	nop			(mov r8, r8)
  14:	40005c50 	.word	0x40005c50
  18:	40006008 	.word	0x40006008
Disassembly of section .text.SetEPTxCount:

00000000 <SetEPTxCount>:
SetEPTxCount():
C:\Documents and Settings\Jingxi\My Documents\My Projects\STM32Primer\Projects\STM32ECG\USBLIB/usb_regs.c:518
   0:	4b04      	ldr	r3, [pc, #16]	(14 <SetEPTxCount+0x14>)
   2:	4a05      	ldr	r2, [pc, #20]	(18 <SetEPTxCount+0x18>)
   4:	681b      	ldr	r3, [r3, #0]
   6:	b29b      	uxth	r3, r3
   8:	eb03 03c0 	add.w	r3, r3, r0, lsl #3
   c:	f842 1013 	str.w	r1, [r2, r3, lsl #1]
C:\Documents and Settings\Jingxi\My Documents\My Projects\STM32Primer\Projects\STM32ECG\USBLIB/usb_regs.c:520
  10:	4770      	bx	lr
  12:	46c0      	nop			(mov r8, r8)
  14:	40005c50 	.word	0x40005c50
  18:	40006004 	.word	0x40006004
Disassembly of section .text.SetEPCountRxReg:

00000000 <SetEPCountRxReg>:
SetEPCountRxReg():
C:\Documents and Settings\Jingxi\My Documents\My Projects\STM32Primer\Projects\STM32ECG\USBLIB/usb_regs.c:530
   0:	293e      	cmp	r1, #62
   2:	d909      	bls.n	18 <SetEPCountRxReg+0x18>
   4:	094b      	lsrs	r3, r1, #5
   6:	f011 0f1f 	tst.w	r1, #31	; 0x1f
   a:	d101      	bne.n	10 <SetEPCountRxReg+0x10>
   c:	3b01      	subs	r3, #1
   e:	b29b      	uxth	r3, r3
  10:	029b      	lsls	r3, r3, #10
  12:	f443 4300 	orr.w	r3, r3, #32768	; 0x8000
  16:	e005      	b.n	24 <SetEPCountRxReg+0x24>
  18:	084b      	lsrs	r3, r1, #1
  1a:	f011 0f01 	tst.w	r1, #1	; 0x1
  1e:	bf18      	it	ne
  20:	3301      	addne	r3, #1
  22:	029b      	lsls	r3, r3, #10
  24:	6003      	str	r3, [r0, #0]
C:\Documents and Settings\Jingxi\My Documents\My Projects\STM32Primer\Projects\STM32ECG\USBLIB/usb_regs.c:532
  26:	4770      	bx	lr
Disassembly of section .text.SetEPRxCount:

00000000 <SetEPRxCount>:
SetEPRxCount():
C:\Documents and Settings\Jingxi\My Documents\My Projects\STM32Primer\Projects\STM32ECG\USBLIB/usb_regs.c:542
   0:	4b0d      	ldr	r3, [pc, #52]	(38 <SetEPRxCount+0x38>)
   2:	293e      	cmp	r1, #62
   4:	681b      	ldr	r3, [r3, #0]
   6:	b29b      	uxth	r3, r3
   8:	eb03 02c0 	add.w	r2, r3, r0, lsl #3
   c:	480b      	ldr	r0, [pc, #44]	(3c <SetEPRxCount+0x3c>)
   e:	d909      	bls.n	24 <SetEPRxCount+0x24>
  10:	094b      	lsrs	r3, r1, #5
  12:	f011 0f1f 	tst.w	r1, #31	; 0x1f
  16:	d101      	bne.n	1c <SetEPRxCount+0x1c>
  18:	3b01      	subs	r3, #1
  1a:	b29b      	uxth	r3, r3
  1c:	029b      	lsls	r3, r3, #10
  1e:	f443 4300 	orr.w	r3, r3, #32768	; 0x8000
  22:	e005      	b.n	30 <SetEPRxCount+0x30>
  24:	084b      	lsrs	r3, r1, #1
  26:	f011 0f01 	tst.w	r1, #1	; 0x1
  2a:	bf18      	it	ne
  2c:	3301      	addne	r3, #1
  2e:	029b      	lsls	r3, r3, #10
  30:	f840 3012 	str.w	r3, [r0, r2, lsl #1]
C:\Documents and Settings\Jingxi\My Documents\My Projects\STM32Primer\Projects\STM32ECG\USBLIB/usb_regs.c:544
  34:	4770      	bx	lr
  36:	46c0      	nop			(mov r8, r8)
  38:	40005c50 	.word	0x40005c50
  3c:	4000600c 	.word	0x4000600c
Disassembly of section .text.GetEPTxCount:

00000000 <GetEPTxCount>:
GetEPTxCount():
C:\Documents and Settings\Jingxi\My Documents\My Projects\STM32Primer\Projects\STM32ECG\USBLIB/usb_regs.c:553
   0:	4b05      	ldr	r3, [pc, #20]	(18 <GetEPTxCount+0x18>)
   2:	4a06      	ldr	r2, [pc, #24]	(1c <GetEPTxCount+0x1c>)
   4:	681b      	ldr	r3, [r3, #0]
   6:	b29b      	uxth	r3, r3
   8:	eb03 03c0 	add.w	r3, r3, r0, lsl #3
   c:	f832 0013 	ldrh.w	r0, [r2, r3, lsl #1]
C:\Documents and Settings\Jingxi\My Documents\My Projects\STM32Primer\Projects\STM32ECG\USBLIB/usb_regs.c:555
  10:	0580      	lsls	r0, r0, #22
  12:	0d80      	lsrs	r0, r0, #22
  14:	4770      	bx	lr
  16:	46c0      	nop			(mov r8, r8)
  18:	40005c50 	.word	0x40005c50
  1c:	40006004 	.word	0x40006004
Disassembly of section .text.GetEPRxCount:

00000000 <GetEPRxCount>:
GetEPRxCount():
C:\Documents and Settings\Jingxi\My Documents\My Projects\STM32Primer\Projects\STM32ECG\USBLIB/usb_regs.c:564
   0:	4b05      	ldr	r3, [pc, #20]	(18 <GetEPRxCount+0x18>)
   2:	4a06      	ldr	r2, [pc, #24]	(1c <GetEPRxCount+0x1c>)
   4:	681b      	ldr	r3, [r3, #0]
   6:	b29b      	uxth	r3, r3
   8:	eb03 03c0 	add.w	r3, r3, r0, lsl #3
   c:	f832 0013 	ldrh.w	r0, [r2, r3, lsl #1]
C:\Documents and Settings\Jingxi\My Documents\My Projects\STM32Primer\Projects\STM32ECG\USBLIB/usb_regs.c:566
  10:	0580      	lsls	r0, r0, #22
  12:	0d80      	lsrs	r0, r0, #22
  14:	4770      	bx	lr
  16:	46c0      	nop			(mov r8, r8)
  18:	40005c50 	.word	0x40005c50
  1c:	4000600c 	.word	0x4000600c
Disassembly of section .text.SetEPDblBuffAddr:

00000000 <SetEPDblBuffAddr>:
SetEPDblBuffAddr():
C:\Documents and Settings\Jingxi\My Documents\My Projects\STM32Primer\Projects\STM32ECG\USBLIB/usb_regs.c:577
   0:	b530      	push	{r4, r5, lr}
C:\Documents and Settings\Jingxi\My Documents\My Projects\STM32Primer\Projects\STM32ECG\USBLIB/usb_regs.c:578
   2:	4d09      	ldr	r5, [pc, #36]	(28 <SetEPDblBuffAddr+0x28>)
   4:	00c0      	lsls	r0, r0, #3
   6:	682c      	ldr	r4, [r5, #0]
   8:	4b08      	ldr	r3, [pc, #32]	(2c <SetEPDblBuffAddr+0x2c>)
   a:	b2a4      	uxth	r4, r4
   c:	0849      	lsrs	r1, r1, #1
   e:	1904      	adds	r4, r0, r4
  10:	0049      	lsls	r1, r1, #1
  12:	f843 1014 	str.w	r1, [r3, r4, lsl #1]
  16:	682b      	ldr	r3, [r5, #0]
  18:	0852      	lsrs	r2, r2, #1
  1a:	b29b      	uxth	r3, r3
  1c:	18c0      	adds	r0, r0, r3
  1e:	4b04      	ldr	r3, [pc, #16]	(30 <SetEPDblBuffAddr+0x30>)
  20:	0052      	lsls	r2, r2, #1
  22:	f843 2010 	str.w	r2, [r3, r0, lsl #1]
C:\Documents and Settings\Jingxi\My Documents\My Projects\STM32Primer\Projects\STM32ECG\USBLIB/usb_regs.c:579
  26:	bd30      	pop	{r4, r5, pc}
  28:	40005c50 	.word	0x40005c50
  2c:	40006000 	.word	0x40006000
  30:	40006008 	.word	0x40006008
Disassembly of section .text.SetEPDblBuf0Addr:

00000000 <SetEPDblBuf0Addr>:
SetEPDblBuf0Addr():
C:\Documents and Settings\Jingxi\My Documents\My Projects\STM32Primer\Projects\STM32ECG\USBLIB/usb_regs.c:589
   0:	4b05      	ldr	r3, [pc, #20]	(18 <SetEPDblBuf0Addr+0x18>)
   2:	0849      	lsrs	r1, r1, #1
   4:	681b      	ldr	r3, [r3, #0]
   6:	4a05      	ldr	r2, [pc, #20]	(1c <SetEPDblBuf0Addr+0x1c>)
   8:	b29b      	uxth	r3, r3
   a:	eb03 03c0 	add.w	r3, r3, r0, lsl #3
   e:	0049      	lsls	r1, r1, #1
  10:	f842 1013 	str.w	r1, [r2, r3, lsl #1]
C:\Documents and Settings\Jingxi\My Documents\My Projects\STM32Primer\Projects\STM32ECG\USBLIB/usb_regs.c:591
  14:	4770      	bx	lr
  16:	46c0      	nop			(mov r8, r8)
  18:	40005c50 	.word	0x40005c50
  1c:	40006000 	.word	0x40006000
Disassembly of section .text.SetEPDblBuf1Addr:

00000000 <SetEPDblBuf1Addr>:
SetEPDblBuf1Addr():
C:\Documents and Settings\Jingxi\My Documents\My Projects\STM32Primer\Projects\STM32ECG\USBLIB/usb_regs.c:601
   0:	4b05      	ldr	r3, [pc, #20]	(18 <SetEPDblBuf1Addr+0x18>)
   2:	0849      	lsrs	r1, r1, #1
   4:	681b      	ldr	r3, [r3, #0]
   6:	4a05      	ldr	r2, [pc, #20]	(1c <SetEPDblBuf1Addr+0x1c>)
   8:	b29b      	uxth	r3, r3
   a:	eb03 03c0 	add.w	r3, r3, r0, lsl #3
   e:	0049      	lsls	r1, r1, #1
  10:	f842 1013 	str.w	r1, [r2, r3, lsl #1]
C:\Documents and Settings\Jingxi\My Documents\My Projects\STM32Primer\Projects\STM32ECG\USBLIB/usb_regs.c:603
  14:	4770      	bx	lr
  16:	46c0      	nop			(mov r8, r8)
  18:	40005c50 	.word	0x40005c50
  1c:	40006008 	.word	0x40006008
Disassembly of section .text.GetEPDblBuf0Addr:

00000000 <GetEPDblBuf0Addr>:
GetEPDblBuf0Addr():
C:\Documents and Settings\Jingxi\My Documents\My Projects\STM32Primer\Projects\STM32ECG\USBLIB/usb_regs.c:612
   0:	4b04      	ldr	r3, [pc, #16]	(14 <GetEPDblBuf0Addr+0x14>)
C:\Documents and Settings\Jingxi\My Documents\My Projects\STM32Primer\Projects\STM32ECG\USBLIB/usb_regs.c:614
   2:	4a05      	ldr	r2, [pc, #20]	(18 <GetEPDblBuf0Addr+0x18>)
C:\Documents and Settings\Jingxi\My Documents\My Projects\STM32Primer\Projects\STM32ECG\USBLIB/usb_regs.c:613
   4:	681b      	ldr	r3, [r3, #0]
C:\Documents and Settings\Jingxi\My Documents\My Projects\STM32Primer\Projects\STM32ECG\USBLIB/usb_regs.c:612
   6:	b29b      	uxth	r3, r3
   8:	eb03 03c0 	add.w	r3, r3, r0, lsl #3
C:\Documents and Settings\Jingxi\My Documents\My Projects\STM32Primer\Projects\STM32ECG\USBLIB/usb_regs.c:614
   c:	f832 0013 	ldrh.w	r0, [r2, r3, lsl #1]
  10:	4770      	bx	lr
  12:	46c0      	nop			(mov r8, r8)
  14:	40005c50 	.word	0x40005c50
  18:	40006000 	.word	0x40006000
Disassembly of section .text.GetEPDblBuf1Addr:

00000000 <GetEPDblBuf1Addr>:
GetEPDblBuf1Addr():
C:\Documents and Settings\Jingxi\My Documents\My Projects\STM32Primer\Projects\STM32ECG\USBLIB/usb_regs.c:623
   0:	4b04      	ldr	r3, [pc, #16]	(14 <GetEPDblBuf1Addr+0x14>)
C:\Documents and Settings\Jingxi\My Documents\My Projects\STM32Primer\Projects\STM32ECG\USBLIB/usb_regs.c:625
   2:	4a05      	ldr	r2, [pc, #20]	(18 <GetEPDblBuf1Addr+0x18>)
C:\Documents and Settings\Jingxi\My Documents\My Projects\STM32Primer\Projects\STM32ECG\USBLIB/usb_regs.c:624
   4:	681b      	ldr	r3, [r3, #0]
C:\Documents and Settings\Jingxi\My Documents\My Projects\STM32Primer\Projects\STM32ECG\USBLIB/usb_regs.c:623
   6:	b29b      	uxth	r3, r3
   8:	eb03 03c0 	add.w	r3, r3, r0, lsl #3
C:\Documents and Settings\Jingxi\My Documents\My Projects\STM32Primer\Projects\STM32ECG\USBLIB/usb_regs.c:625
   c:	f832 0013 	ldrh.w	r0, [r2, r3, lsl #1]
  10:	4770      	bx	lr
  12:	46c0      	nop			(mov r8, r8)
  14:	40005c50 	.word	0x40005c50
  18:	40006008 	.word	0x40006008
Disassembly of section .text.SetEPDblBuffCount:

00000000 <SetEPDblBuffCount>:
SetEPDblBuffCount():
C:\Documents and Settings\Jingxi\My Documents\My Projects\STM32Primer\Projects\STM32ECG\USBLIB/usb_regs.c:635
   0:	2901      	cmp	r1, #1
   2:	b510      	push	{r4, lr}
   4:	4686      	mov	lr, r0
   6:	4614      	mov	r4, r2
C:\Documents and Settings\Jingxi\My Documents\My Projects\STM32Primer\Projects\STM32ECG\USBLIB/usb_regs.c:636
   8:	d119      	bne.n	3e <SetEPDblBuffCount+0x3e>
   a:	4b24      	ldr	r3, [pc, #144]	(9c <SetEPDblBuffCount+0x9c>)
   c:	ea4f 00c0 	mov.w	r0, r0, lsl #3
  10:	681b      	ldr	r3, [r3, #0]
  12:	4923      	ldr	r1, [pc, #140]	(a0 <SetEPDblBuffCount+0xa0>)
  14:	b29b      	uxth	r3, r3
  16:	18c2      	adds	r2, r0, r3
  18:	2c3e      	cmp	r4, #62
  1a:	d909      	bls.n	30 <SetEPDblBuffCount+0x30>
  1c:	0963      	lsrs	r3, r4, #5
  1e:	f014 0f1f 	tst.w	r4, #31	; 0x1f
  22:	d101      	bne.n	28 <SetEPDblBuffCount+0x28>
  24:	3b01      	subs	r3, #1
  26:	b29b      	uxth	r3, r3
  28:	029b      	lsls	r3, r3, #10
  2a:	f443 4300 	orr.w	r3, r3, #32768	; 0x8000
  2e:	e018      	b.n	62 <SetEPDblBuffCount+0x62>
  30:	0863      	lsrs	r3, r4, #1
  32:	f014 0f01 	tst.w	r4, #1	; 0x1
  36:	bf18      	it	ne
  38:	3301      	addne	r3, #1
  3a:	029b      	lsls	r3, r3, #10
  3c:	e011      	b.n	62 <SetEPDblBuffCount+0x62>
  3e:	2902      	cmp	r1, #2
  40:	d12a      	bne.n	98 <SetEPDblBuffCount+0x98>
  42:	4816      	ldr	r0, [pc, #88]	(9c <SetEPDblBuffCount+0x9c>)
  44:	ea4f 01ce 	mov.w	r1, lr, lsl #3
  48:	6803      	ldr	r3, [r0, #0]
  4a:	4a15      	ldr	r2, [pc, #84]	(a0 <SetEPDblBuffCount+0xa0>)
  4c:	b29b      	uxth	r3, r3
  4e:	18cb      	adds	r3, r1, r3
  50:	f842 4013 	str.w	r4, [r2, r3, lsl #1]
  54:	6803      	ldr	r3, [r0, #0]
  56:	b29b      	uxth	r3, r3
  58:	18c9      	adds	r1, r1, r3
  5a:	4b12      	ldr	r3, [pc, #72]	(a4 <SetEPDblBuffCount+0xa4>)
  5c:	f843 4011 	str.w	r4, [r3, r1, lsl #1]
  60:	e01a      	b.n	98 <SetEPDblBuffCount+0x98>
  62:	f841 3012 	str.w	r3, [r1, r2, lsl #1]
  66:	4b0d      	ldr	r3, [pc, #52]	(9c <SetEPDblBuffCount+0x9c>)
  68:	4a0e      	ldr	r2, [pc, #56]	(a4 <SetEPDblBuffCount+0xa4>)
  6a:	681b      	ldr	r3, [r3, #0]
  6c:	b29b      	uxth	r3, r3
  6e:	18c0      	adds	r0, r0, r3
  70:	2c3e      	cmp	r4, #62
  72:	d909      	bls.n	88 <SetEPDblBuffCount+0x88>
  74:	0963      	lsrs	r3, r4, #5
  76:	f014 0f1f 	tst.w	r4, #31	; 0x1f
  7a:	d101      	bne.n	80 <SetEPDblBuffCount+0x80>
  7c:	3b01      	subs	r3, #1
  7e:	b29b      	uxth	r3, r3
  80:	029b      	lsls	r3, r3, #10
  82:	f443 4300 	orr.w	r3, r3, #32768	; 0x8000
  86:	e005      	b.n	94 <SetEPDblBuffCount+0x94>
  88:	0863      	lsrs	r3, r4, #1
  8a:	f014 0f01 	tst.w	r4, #1	; 0x1
  8e:	bf18      	it	ne
  90:	3301      	addne	r3, #1
  92:	029b      	lsls	r3, r3, #10
  94:	f842 3010 	str.w	r3, [r2, r0, lsl #1]
C:\Documents and Settings\Jingxi\My Documents\My Projects\STM32Primer\Projects\STM32ECG\USBLIB/usb_regs.c:637
  98:	bd10      	pop	{r4, pc}
  9a:	46c0      	nop			(mov r8, r8)
  9c:	40005c50 	.word	0x40005c50
  a0:	40006004 	.word	0x40006004
  a4:	4000600c 	.word	0x4000600c
Disassembly of section .text.SetEPDblBuf0Count:

00000000 <SetEPDblBuf0Count>:
SetEPDblBuf0Count():
C:\Documents and Settings\Jingxi\My Documents\My Projects\STM32Primer\Projects\STM32ECG\USBLIB/usb_regs.c:647
   0:	460b      	mov	r3, r1
C:\Documents and Settings\Jingxi\My Documents\My Projects\STM32Primer\Projects\STM32ECG\USBLIB/usb_regs.c:648
   2:	2b01      	cmp	r3, #1
C:\Documents and Settings\Jingxi\My Documents\My Projects\STM32Primer\Projects\STM32ECG\USBLIB/usb_regs.c:647
   4:	4611      	mov	r1, r2
C:\Documents and Settings\Jingxi\My Documents\My Projects\STM32Primer\Projects\STM32ECG\USBLIB/usb_regs.c:648
   6:	d11a      	bne.n	3e <SetEPDblBuf0Count+0x3e>
   8:	4b12      	ldr	r3, [pc, #72]	(54 <SetEPDblBuf0Count+0x54>)
   a:	293e      	cmp	r1, #62
   c:	681b      	ldr	r3, [r3, #0]
   e:	4a12      	ldr	r2, [pc, #72]	(58 <SetEPDblBuf0Count+0x58>)
  10:	b29b      	uxth	r3, r3
  12:	eb03 00c0 	add.w	r0, r3, r0, lsl #3
  16:	d909      	bls.n	2c <SetEPDblBuf0Count+0x2c>
  18:	094b      	lsrs	r3, r1, #5
  1a:	f011 0f1f 	tst.w	r1, #31	; 0x1f
  1e:	d101      	bne.n	24 <SetEPDblBuf0Count+0x24>
  20:	3b01      	subs	r3, #1
  22:	b29b      	uxth	r3, r3
  24:	029b      	lsls	r3, r3, #10
  26:	f443 4300 	orr.w	r3, r3, #32768	; 0x8000
  2a:	e005      	b.n	38 <SetEPDblBuf0Count+0x38>
  2c:	084b      	lsrs	r3, r1, #1
  2e:	f011 0f01 	tst.w	r1, #1	; 0x1
  32:	bf18      	it	ne
  34:	3301      	addne	r3, #1
  36:	029b      	lsls	r3, r3, #10
  38:	f842 3010 	str.w	r3, [r2, r0, lsl #1]
  3c:	e009      	b.n	52 <SetEPDblBuf0Count+0x52>
  3e:	2b02      	cmp	r3, #2
  40:	d107      	bne.n	52 <SetEPDblBuf0Count+0x52>
  42:	4b04      	ldr	r3, [pc, #16]	(54 <SetEPDblBuf0Count+0x54>)
  44:	4a04      	ldr	r2, [pc, #16]	(58 <SetEPDblBuf0Count+0x58>)
  46:	681b      	ldr	r3, [r3, #0]
  48:	b29b      	uxth	r3, r3
  4a:	eb03 03c0 	add.w	r3, r3, r0, lsl #3
  4e:	f842 1013 	str.w	r1, [r2, r3, lsl #1]
C:\Documents and Settings\Jingxi\My Documents\My Projects\STM32Primer\Projects\STM32ECG\USBLIB/usb_regs.c:649
  52:	4770      	bx	lr
  54:	40005c50 	.word	0x40005c50
  58:	40006004 	.word	0x40006004
Disassembly of section .text.SetEPDblBuf1Count:

00000000 <SetEPDblBuf1Count>:
SetEPDblBuf1Count():
C:\Documents and Settings\Jingxi\My Documents\My Projects\STM32Primer\Projects\STM32ECG\USBLIB/usb_regs.c:659
   0:	460b      	mov	r3, r1
C:\Documents and Settings\Jingxi\My Documents\My Projects\STM32Primer\Projects\STM32ECG\USBLIB/usb_regs.c:660
   2:	2b01      	cmp	r3, #1
C:\Documents and Settings\Jingxi\My Documents\My Projects\STM32Primer\Projects\STM32ECG\USBLIB/usb_regs.c:659
   4:	4611      	mov	r1, r2
C:\Documents and Settings\Jingxi\My Documents\My Projects\STM32Primer\Projects\STM32ECG\USBLIB/usb_regs.c:660
   6:	d11a      	bne.n	3e <SetEPDblBuf1Count+0x3e>
   8:	4b12      	ldr	r3, [pc, #72]	(54 <SetEPDblBuf1Count+0x54>)
   a:	293e      	cmp	r1, #62
   c:	681b      	ldr	r3, [r3, #0]
   e:	4a12      	ldr	r2, [pc, #72]	(58 <SetEPDblBuf1Count+0x58>)
  10:	b29b      	uxth	r3, r3
  12:	eb03 00c0 	add.w	r0, r3, r0, lsl #3
  16:	d909      	bls.n	2c <SetEPDblBuf1Count+0x2c>
  18:	094b      	lsrs	r3, r1, #5
  1a:	f011 0f1f 	tst.w	r1, #31	; 0x1f
  1e:	d101      	bne.n	24 <SetEPDblBuf1Count+0x24>
  20:	3b01      	subs	r3, #1
  22:	b29b      	uxth	r3, r3
  24:	029b      	lsls	r3, r3, #10
  26:	f443 4300 	orr.w	r3, r3, #32768	; 0x8000
  2a:	e005      	b.n	38 <SetEPDblBuf1Count+0x38>
  2c:	084b      	lsrs	r3, r1, #1
  2e:	f011 0f01 	tst.w	r1, #1	; 0x1
  32:	bf18      	it	ne
  34:	3301      	addne	r3, #1
  36:	029b      	lsls	r3, r3, #10
  38:	f842 3010 	str.w	r3, [r2, r0, lsl #1]
  3c:	e009      	b.n	52 <SetEPDblBuf1Count+0x52>
  3e:	2b02      	cmp	r3, #2
  40:	d107      	bne.n	52 <SetEPDblBuf1Count+0x52>
  42:	4b04      	ldr	r3, [pc, #16]	(54 <SetEPDblBuf1Count+0x54>)
  44:	4a04      	ldr	r2, [pc, #16]	(58 <SetEPDblBuf1Count+0x58>)
  46:	681b      	ldr	r3, [r3, #0]
  48:	b29b      	uxth	r3, r3
  4a:	eb03 03c0 	add.w	r3, r3, r0, lsl #3
  4e:	f842 1013 	str.w	r1, [r2, r3, lsl #1]
C:\Documents and Settings\Jingxi\My Documents\My Projects\STM32Primer\Projects\STM32ECG\USBLIB/usb_regs.c:661
  52:	4770      	bx	lr
  54:	40005c50 	.word	0x40005c50
  58:	4000600c 	.word	0x4000600c
Disassembly of section .text.GetEPDblBuf0Count:

00000000 <GetEPDblBuf0Count>:
GetEPDblBuf0Count():
C:\Documents and Settings\Jingxi\My Documents\My Projects\STM32Primer\Projects\STM32ECG\USBLIB/usb_regs.c:671
   0:	4b05      	ldr	r3, [pc, #20]	(18 <GetEPDblBuf0Count+0x18>)
   2:	4a06      	ldr	r2, [pc, #24]	(1c <GetEPDblBuf0Count+0x1c>)
   4:	681b      	ldr	r3, [r3, #0]
   6:	b29b      	uxth	r3, r3
   8:	eb03 03c0 	add.w	r3, r3, r0, lsl #3
   c:	f832 0013 	ldrh.w	r0, [r2, r3, lsl #1]
C:\Documents and Settings\Jingxi\My Documents\My Projects\STM32Primer\Projects\STM32ECG\USBLIB/usb_regs.c:673
  10:	0580      	lsls	r0, r0, #22
  12:	0d80      	lsrs	r0, r0, #22
  14:	4770      	bx	lr
  16:	46c0      	nop			(mov r8, r8)
  18:	40005c50 	.word	0x40005c50
  1c:	40006004 	.word	0x40006004
Disassembly of section .text.GetEPDblBuf1Count:

00000000 <GetEPDblBuf1Count>:
GetEPDblBuf1Count():
C:\Documents and Settings\Jingxi\My Documents\My Projects\STM32Primer\Projects\STM32ECG\USBLIB/usb_regs.c:683
   0:	4b05      	ldr	r3, [pc, #20]	(18 <GetEPDblBuf1Count+0x18>)
   2:	4a06      	ldr	r2, [pc, #24]	(1c <GetEPDblBuf1Count+0x1c>)
   4:	681b      	ldr	r3, [r3, #0]
   6:	b29b      	uxth	r3, r3
   8:	eb03 03c0 	add.w	r3, r3, r0, lsl #3
   c:	f832 0013 	ldrh.w	r0, [r2, r3, lsl #1]
C:\Documents and Settings\Jingxi\My Documents\My Projects\STM32Primer\Projects\STM32ECG\USBLIB/usb_regs.c:685
  10:	0580      	lsls	r0, r0, #22
  12:	0d80      	lsrs	r0, r0, #22
  14:	4770      	bx	lr
  16:	46c0      	nop			(mov r8, r8)
  18:	40005c50 	.word	0x40005c50
  1c:	4000600c 	.word	0x4000600c
Disassembly of section .text.GetEPDblBufDir:

00000000 <GetEPDblBufDir>:
GetEPDblBufDir():
C:\Documents and Settings\Jingxi\My Documents\My Projects\STM32Primer\Projects\STM32ECG\USBLIB/usb_regs.c:695
   0:	490c      	ldr	r1, [pc, #48]	(34 <GetEPDblBufDir+0x34>)
   2:	00c0      	lsls	r0, r0, #3
   4:	680b      	ldr	r3, [r1, #0]
   6:	4a0c      	ldr	r2, [pc, #48]	(38 <GetEPDblBufDir+0x38>)
   8:	b29b      	uxth	r3, r3
   a:	18c3      	adds	r3, r0, r3
   c:	f832 3013 	ldrh.w	r3, [r2, r3, lsl #1]
  10:	f413 4f7c 	tst.w	r3, #64512	; 0xfc00
  14:	d001      	beq.n	1a <GetEPDblBufDir+0x1a>
  16:	2001      	movs	r0, #1
  18:	e00b      	b.n	32 <GetEPDblBufDir+0x32>
C:\Documents and Settings\Jingxi\My Documents\My Projects\STM32Primer\Projects\STM32ECG\USBLIB/usb_regs.c:698
  1a:	680b      	ldr	r3, [r1, #0]
  1c:	4a07      	ldr	r2, [pc, #28]	(3c <GetEPDblBufDir+0x3c>)
  1e:	b29b      	uxth	r3, r3
  20:	18c3      	adds	r3, r0, r3
  22:	f832 3013 	ldrh.w	r3, [r2, r3, lsl #1]
  26:	059b      	lsls	r3, r3, #22
  28:	0d9b      	lsrs	r3, r3, #22
  2a:	2b00      	cmp	r3, #0
  2c:	bf14      	ite	ne
  2e:	2002      	movne	r0, #2
  30:	2000      	moveq	r0, #0
C:\Documents and Settings\Jingxi\My Documents\My Projects\STM32Primer\Projects\STM32ECG\USBLIB/usb_regs.c:702
  32:	4770      	bx	lr
  34:	40005c50 	.word	0x40005c50
  38:	4000600c 	.word	0x4000600c
  3c:	40006004 	.word	0x40006004
Disassembly of section .text.FreeUserBuffer:

00000000 <FreeUserBuffer>:
FreeUserBuffer():
C:\Documents and Settings\Jingxi\My Documents\My Projects\STM32Primer\Projects\STM32ECG\USBLIB/usb_regs.c:712
   0:	2901      	cmp	r1, #1
   2:	d109      	bne.n	18 <FreeUserBuffer+0x18>
C:\Documents and Settings\Jingxi\My Documents\My Projects\STM32Primer\Projects\STM32ECG\USBLIB/usb_regs.c:715
   4:	490b      	ldr	r1, [pc, #44]	(34 <FreeUserBuffer+0x34>)
   6:	f648 738f 	movw	r3, #36751	; 0x8f8f
   a:	f851 2020 	ldr.w	r2, [r1, r0, lsl #2]
   e:	ea02 0303 	and.w	r3, r2, r3
  12:	f043 0340 	orr.w	r3, r3, #64	; 0x40
  16:	e00a      	b.n	2e <FreeUserBuffer+0x2e>
C:\Documents and Settings\Jingxi\My Documents\My Projects\STM32Primer\Projects\STM32ECG\USBLIB/usb_regs.c:717
  18:	2902      	cmp	r1, #2
  1a:	d10a      	bne.n	32 <FreeUserBuffer+0x32>
C:\Documents and Settings\Jingxi\My Documents\My Projects\STM32Primer\Projects\STM32ECG\USBLIB/usb_regs.c:719
  1c:	4905      	ldr	r1, [pc, #20]	(34 <FreeUserBuffer+0x34>)
  1e:	f648 738f 	movw	r3, #36751	; 0x8f8f
  22:	f851 2020 	ldr.w	r2, [r1, r0, lsl #2]
  26:	ea02 0303 	and.w	r3, r2, r3
  2a:	f443 4380 	orr.w	r3, r3, #16384	; 0x4000
  2e:	f841 3020 	str.w	r3, [r1, r0, lsl #2]
C:\Documents and Settings\Jingxi\My Documents\My Projects\STM32Primer\Projects\STM32ECG\USBLIB/usb_regs.c:721
  32:	4770      	bx	lr
  34:	40005c00 	.word	0x40005c00
Disassembly of section .text.ToWord:

00000000 <ToWord>:
ToWord():
C:\Documents and Settings\Jingxi\My Documents\My Projects\STM32Primer\Projects\STM32ECG\USBLIB/usb_regs.c:731
   0:	ea41 2000 	orr.w	r0, r1, r0, lsl #8
   4:	4770      	bx	lr
   6:	46c0      	nop			(mov r8, r8)
Disassembly of section .text.ByteSwap:

00000000 <ByteSwap>:
ByteSwap():
C:\Documents and Settings\Jingxi\My Documents\My Projects\STM32Primer\Projects\STM32ECG\USBLIB/usb_regs.c:744
   0:	b2c3      	uxtb	r3, r0
   2:	0a00      	lsrs	r0, r0, #8
C:\Documents and Settings\Jingxi\My Documents\My Projects\STM32Primer\Projects\STM32ECG\USBLIB/usb_regs.c:750
   4:	ea40 2003 	orr.w	r0, r0, r3, lsl #8
C:\Documents and Settings\Jingxi\My Documents\My Projects\STM32Primer\Projects\STM32ECG\USBLIB/usb_regs.c:744
   8:	4770      	bx	lr
   a:	46c0      	nop			(mov r8, r8)
