
C:\Documents and Settings\Jingxi\My Documents\My Projects\STM32Primer\Projects\STM32ECG\objdebug\usb_int.o:     file format elf32-littlearm
C:\Documents and Settings\Jingxi\My Documents\My Projects\STM32Primer\Projects\STM32ECG\objdebug\usb_int.o

Disassembly of section .text.CTR_HP:

00000000 <CTR_HP>:
CTR_HP():
C:\Documents and Settings\Jingxi\My Documents\My Projects\STM32Primer\Projects\STM32ECG\USBLIB/usb_int.c:161
   0:	b570      	push	{r4, r5, r6, lr}
C:\Documents and Settings\Jingxi\My Documents\My Projects\STM32Primer\Projects\STM32ECG\USBLIB/usb_int.c:164
   2:	e030      	b.n	66 <CTR_HP+0x66>
C:\Documents and Settings\Jingxi\My Documents\My Projects\STM32Primer\Projects\STM32ECG\USBLIB/usb_int.c:166
   4:	f647 73ff 	movw	r3, #32767	; 0x7fff
   8:	600b      	str	r3, [r1, #0]
C:\Documents and Settings\Jingxi\My Documents\My Projects\STM32Primer\Projects\STM32ECG\USBLIB/usb_int.c:168
   a:	8813      	ldrh	r3, [r2, #0]
   c:	4e1b      	ldr	r6, [pc, #108]	(7c <CTR_HP+0x7c>)
   e:	f003 010f 	and.w	r1, r3, #15	; 0xf
C:\Documents and Settings\Jingxi\My Documents\My Projects\STM32Primer\Projects\STM32ECG\USBLIB/usb_int.c:170
  12:	4c1b      	ldr	r4, [pc, #108]	(80 <CTR_HP+0x80>)
C:\Documents and Settings\Jingxi\My Documents\My Projects\STM32Primer\Projects\STM32ECG\USBLIB/usb_int.c:168
  14:	7031      	strb	r1, [r6, #0]
C:\Documents and Settings\Jingxi\My Documents\My Projects\STM32Primer\Projects\STM32ECG\USBLIB/usb_int.c:170
  16:	f854 3021 	ldr.w	r3, [r4, r1, lsl #2]
  1a:	b29d      	uxth	r5, r3
C:\Documents and Settings\Jingxi\My Documents\My Projects\STM32Primer\Projects\STM32ECG\USBLIB/usb_int.c:171
  1c:	f415 4f00 	tst.w	r5, #32768	; 0x8000
  20:	d00e      	beq.n	40 <CTR_HP+0x40>
C:\Documents and Settings\Jingxi\My Documents\My Projects\STM32Primer\Projects\STM32ECG\USBLIB/usb_int.c:174
  22:	f854 2021 	ldr.w	r2, [r4, r1, lsl #2]
  26:	f640 738f 	movw	r3, #3983	; 0xf8f
  2a:	ea02 0303 	and.w	r3, r2, r3
  2e:	f844 3021 	str.w	r3, [r4, r1, lsl #2]
C:\Documents and Settings\Jingxi\My Documents\My Projects\STM32Primer\Projects\STM32ECG\USBLIB/usb_int.c:177
  32:	7832      	ldrb	r2, [r6, #0]
  34:	4b13      	ldr	r3, [pc, #76]	(84 <CTR_HP+0x84>)
  36:	eb03 0382 	add.w	r3, r3, r2, lsl #2
  3a:	f853 3c04 	ldr.w	r3, [r3, #-4]
  3e:	4798      	blx	r3
C:\Documents and Settings\Jingxi\My Documents\My Projects\STM32Primer\Projects\STM32ECG\USBLIB/usb_int.c:180
  40:	f015 0f80 	tst.w	r5, #128	; 0x80
  44:	d00f      	beq.n	66 <CTR_HP+0x66>
C:\Documents and Settings\Jingxi\My Documents\My Projects\STM32Primer\Projects\STM32ECG\USBLIB/usb_int.c:183
  46:	7831      	ldrb	r1, [r6, #0]
  48:	f648 730f 	movw	r3, #36623	; 0x8f0f
  4c:	f854 2021 	ldr.w	r2, [r4, r1, lsl #2]
  50:	ea02 0303 	and.w	r3, r2, r3
  54:	f844 3021 	str.w	r3, [r4, r1, lsl #2]
C:\Documents and Settings\Jingxi\My Documents\My Projects\STM32Primer\Projects\STM32ECG\USBLIB/usb_int.c:186
  58:	7832      	ldrb	r2, [r6, #0]
  5a:	4b0b      	ldr	r3, [pc, #44]	(88 <CTR_HP+0x88>)
  5c:	eb03 0382 	add.w	r3, r3, r2, lsl #2
  60:	f853 3c04 	ldr.w	r3, [r3, #-4]
  64:	4798      	blx	r3
C:\Documents and Settings\Jingxi\My Documents\My Projects\STM32Primer\Projects\STM32ECG\USBLIB/usb_int.c:164
  66:	4909      	ldr	r1, [pc, #36]	(8c <CTR_HP+0x8c>)
  68:	4a09      	ldr	r2, [pc, #36]	(90 <CTR_HP+0x90>)
  6a:	680b      	ldr	r3, [r1, #0]
  6c:	b29b      	uxth	r3, r3
  6e:	8013      	strh	r3, [r2, #0]
  70:	8813      	ldrh	r3, [r2, #0]
  72:	b21b      	sxth	r3, r3
  74:	2b00      	cmp	r3, #0
  76:	dbc5      	blt.n	4 <CTR_HP+0x4>
C:\Documents and Settings\Jingxi\My Documents\My Projects\STM32Primer\Projects\STM32ECG\USBLIB/usb_int.c:192
  78:	bd70      	pop	{r4, r5, r6, pc}
  7a:	46c0      	nop			(mov r8, r8)
  7c:	00000000 	.word	0x00000000
  80:	40005c00 	.word	0x40005c00
	...
  8c:	40005c44 	.word	0x40005c44
  90:	00000000 	.word	0x00000000
Disassembly of section .text.CTR_LP:

00000000 <CTR_LP>:
CTR_LP():
C:\Documents and Settings\Jingxi\My Documents\My Projects\STM32Primer\Projects\STM32ECG\USBLIB/usb_int.c:46
   0:	b570      	push	{r4, r5, r6, lr}
C:\Documents and Settings\Jingxi\My Documents\My Projects\STM32Primer\Projects\STM32ECG\USBLIB/usb_int.c:49
   2:	e0a8      	b.n	156 <CTR_LP+0x156>
C:\Documents and Settings\Jingxi\My Documents\My Projects\STM32Primer\Projects\STM32ECG\USBLIB/usb_int.c:51
   4:	f647 73ff 	movw	r3, #32767	; 0x7fff
   8:	6013      	str	r3, [r2, #0]
C:\Documents and Settings\Jingxi\My Documents\My Projects\STM32Primer\Projects\STM32ECG\USBLIB/usb_int.c:53
   a:	8803      	ldrh	r3, [r0, #0]
   c:	4e57      	ldr	r6, [pc, #348]	(16c <CTR_LP+0x16c>)
   e:	f003 010f 	and.w	r1, r3, #15	; 0xf
  12:	7031      	strb	r1, [r6, #0]
C:\Documents and Settings\Jingxi\My Documents\My Projects\STM32Primer\Projects\STM32ECG\USBLIB/usb_int.c:54
  14:	2900      	cmp	r1, #0
  16:	d175      	bne.n	104 <CTR_LP+0x104>
C:\Documents and Settings\Jingxi\My Documents\My Projects\STM32Primer\Projects\STM32ECG\USBLIB/usb_int.c:62
  18:	4d55      	ldr	r5, [pc, #340]	(170 <CTR_LP+0x170>)
  1a:	4a56      	ldr	r2, [pc, #344]	(174 <CTR_LP+0x174>)
  1c:	682b      	ldr	r3, [r5, #0]
  1e:	f403 5340 	and.w	r3, r3, #12288	; 0x3000
  22:	8013      	strh	r3, [r2, #0]
C:\Documents and Settings\Jingxi\My Documents\My Projects\STM32Primer\Projects\STM32ECG\USBLIB/usb_int.c:63
  24:	682b      	ldr	r3, [r5, #0]
  26:	4a54      	ldr	r2, [pc, #336]	(178 <CTR_LP+0x178>)
  28:	f003 0330 	and.w	r3, r3, #48	; 0x30
  2c:	8013      	strh	r3, [r2, #0]
C:\Documents and Settings\Jingxi\My Documents\My Projects\STM32Primer\Projects\STM32ECG\USBLIB/usb_int.c:64
  2e:	682a      	ldr	r2, [r5, #0]
  30:	f64b 738f 	movw	r3, #49039	; 0xbf8f
  34:	ea02 0303 	and.w	r3, r2, r3
  38:	f483 5300 	eor.w	r3, r3, #8192	; 0x2000
  3c:	602b      	str	r3, [r5, #0]
C:\Documents and Settings\Jingxi\My Documents\My Projects\STM32Primer\Projects\STM32ECG\USBLIB/usb_int.c:65
  3e:	682a      	ldr	r2, [r5, #0]
  40:	f648 73bf 	movw	r3, #36799	; 0x8fbf
  44:	ea02 0303 	and.w	r3, r2, r3
  48:	f083 0320 	eor.w	r3, r3, #32	; 0x20
  4c:	602b      	str	r3, [r5, #0]
C:\Documents and Settings\Jingxi\My Documents\My Projects\STM32Primer\Projects\STM32ECG\USBLIB/usb_int.c:70
  4e:	8803      	ldrh	r3, [r0, #0]
  50:	f013 0f10 	tst.w	r3, #16	; 0x10
  54:	d10c      	bne.n	70 <CTR_LP+0x70>
C:\Documents and Settings\Jingxi\My Documents\My Projects\STM32Primer\Projects\STM32ECG\USBLIB/usb_int.c:78
  56:	682b      	ldr	r3, [r5, #0]
  58:	f648 720f 	movw	r2, #36623	; 0x8f0f
  5c:	ea03 0202 	and.w	r2, r3, r2
  60:	602a      	str	r2, [r5, #0]
C:\Documents and Settings\Jingxi\My Documents\My Projects\STM32Primer\Projects\STM32ECG\USBLIB/usb_int.c:79
  62:	f7ff fffe 	bl	0 <In0_Process>
C:\Documents and Settings\Jingxi\My Documents\My Projects\STM32Primer\Projects\STM32ECG\USBLIB/usb_int.c:82
  66:	682b      	ldr	r3, [r5, #0]
C:\Documents and Settings\Jingxi\My Documents\My Projects\STM32Primer\Projects\STM32ECG\USBLIB/usb_int.c:83
  68:	f413 4f08 	tst.w	r3, #34816	; 0x8800
  6c:	d024      	beq.n	b8 <CTR_LP+0xb8>
  6e:	e00f      	b.n	90 <CTR_LP+0x90>
C:\Documents and Settings\Jingxi\My Documents\My Projects\STM32Primer\Projects\STM32ECG\USBLIB/usb_int.c:98
  70:	682b      	ldr	r3, [r5, #0]
  72:	b29c      	uxth	r4, r3
C:\Documents and Settings\Jingxi\My Documents\My Projects\STM32Primer\Projects\STM32ECG\USBLIB/usb_int.c:99
  74:	f014 0f80 	tst.w	r4, #128	; 0x80
  78:	d007      	beq.n	8a <CTR_LP+0x8a>
C:\Documents and Settings\Jingxi\My Documents\My Projects\STM32Primer\Projects\STM32ECG\USBLIB/usb_int.c:101
  7a:	682a      	ldr	r2, [r5, #0]
  7c:	f648 730f 	movw	r3, #36623	; 0x8f0f
  80:	ea02 0303 	and.w	r3, r2, r3
  84:	602b      	str	r3, [r5, #0]
C:\Documents and Settings\Jingxi\My Documents\My Projects\STM32Primer\Projects\STM32ECG\USBLIB/usb_int.c:102
  86:	f7ff fffe 	bl	0 <In0_Process>
C:\Documents and Settings\Jingxi\My Documents\My Projects\STM32Primer\Projects\STM32ECG\USBLIB/usb_int.c:104
  8a:	f414 6f00 	tst.w	r4, #2048	; 0x800
  8e:	d008      	beq.n	a2 <CTR_LP+0xa2>
C:\Documents and Settings\Jingxi\My Documents\My Projects\STM32Primer\Projects\STM32ECG\USBLIB/usb_int.c:106
  90:	682a      	ldr	r2, [r5, #0]
  92:	f640 738f 	movw	r3, #3983	; 0xf8f
  96:	ea02 0303 	and.w	r3, r2, r3
  9a:	602b      	str	r3, [r5, #0]
C:\Documents and Settings\Jingxi\My Documents\My Projects\STM32Primer\Projects\STM32ECG\USBLIB/usb_int.c:107
  9c:	f7ff fffe 	bl	0 <Setup0_Process>
  a0:	e00a      	b.n	b8 <CTR_LP+0xb8>
C:\Documents and Settings\Jingxi\My Documents\My Projects\STM32Primer\Projects\STM32ECG\USBLIB/usb_int.c:110
  a2:	f414 4f00 	tst.w	r4, #32768	; 0x8000
  a6:	d007      	beq.n	b8 <CTR_LP+0xb8>
C:\Documents and Settings\Jingxi\My Documents\My Projects\STM32Primer\Projects\STM32ECG\USBLIB/usb_int.c:112
  a8:	682a      	ldr	r2, [r5, #0]
  aa:	f640 738f 	movw	r3, #3983	; 0xf8f
  ae:	ea02 0303 	and.w	r3, r2, r3
  b2:	602b      	str	r3, [r5, #0]
C:\Documents and Settings\Jingxi\My Documents\My Projects\STM32Primer\Projects\STM32ECG\USBLIB/usb_int.c:113
  b4:	f7ff fffe 	bl	0 <Out0_Process>
C:\Documents and Settings\Jingxi\My Documents\My Projects\STM32Primer\Projects\STM32ECG\USBLIB/usb_int.c:119
  b8:	492d      	ldr	r1, [pc, #180]	(170 <CTR_LP+0x170>)
  ba:	f64b 728f 	movw	r2, #49039	; 0xbf8f
  be:	680b      	ldr	r3, [r1, #0]
  c0:	ea03 0202 	and.w	r2, r3, r2
  c4:	4b2b      	ldr	r3, [pc, #172]	(174 <CTR_LP+0x174>)
  c6:	881b      	ldrh	r3, [r3, #0]
  c8:	f413 5f80 	tst.w	r3, #4096	; 0x1000
  cc:	bf18      	it	ne
  ce:	f482 5280 	eorne.w	r2, r2, #4096	; 0x1000
  d2:	f413 5f00 	tst.w	r3, #8192	; 0x2000
  d6:	bf18      	it	ne
  d8:	f482 5200 	eorne.w	r2, r2, #8192	; 0x2000
  dc:	600a      	str	r2, [r1, #0]
C:\Documents and Settings\Jingxi\My Documents\My Projects\STM32Primer\Projects\STM32ECG\USBLIB/usb_int.c:120
  de:	680b      	ldr	r3, [r1, #0]
  e0:	f648 72bf 	movw	r2, #36799	; 0x8fbf
  e4:	ea03 0202 	and.w	r2, r3, r2
  e8:	4b23      	ldr	r3, [pc, #140]	(178 <CTR_LP+0x178>)
  ea:	881b      	ldrh	r3, [r3, #0]
  ec:	f013 0f10 	tst.w	r3, #16	; 0x10
  f0:	bf18      	it	ne
  f2:	f082 0210 	eorne.w	r2, r2, #16	; 0x10
  f6:	f013 0f20 	tst.w	r3, #32	; 0x20
  fa:	bf18      	it	ne
  fc:	f082 0220 	eorne.w	r2, r2, #32	; 0x20
 100:	600a      	str	r2, [r1, #0]
 102:	e028      	b.n	156 <CTR_LP+0x156>
C:\Documents and Settings\Jingxi\My Documents\My Projects\STM32Primer\Projects\STM32ECG\USBLIB/usb_int.c:127
 104:	4c1a      	ldr	r4, [pc, #104]	(170 <CTR_LP+0x170>)
 106:	f854 3021 	ldr.w	r3, [r4, r1, lsl #2]
 10a:	b29d      	uxth	r5, r3
C:\Documents and Settings\Jingxi\My Documents\My Projects\STM32Primer\Projects\STM32ECG\USBLIB/usb_int.c:128
 10c:	f415 4f00 	tst.w	r5, #32768	; 0x8000
 110:	d00e      	beq.n	130 <CTR_LP+0x130>
C:\Documents and Settings\Jingxi\My Documents\My Projects\STM32Primer\Projects\STM32ECG\USBLIB/usb_int.c:131
 112:	f854 2021 	ldr.w	r2, [r4, r1, lsl #2]
 116:	f640 738f 	movw	r3, #3983	; 0xf8f
 11a:	ea02 0303 	and.w	r3, r2, r3
 11e:	f844 3021 	str.w	r3, [r4, r1, lsl #2]
C:\Documents and Settings\Jingxi\My Documents\My Projects\STM32Primer\Projects\STM32ECG\USBLIB/usb_int.c:134
 122:	7832      	ldrb	r2, [r6, #0]
 124:	4b15      	ldr	r3, [pc, #84]	(17c <CTR_LP+0x17c>)
 126:	eb03 0382 	add.w	r3, r3, r2, lsl #2
 12a:	f853 3c04 	ldr.w	r3, [r3, #-4]
 12e:	4798      	blx	r3
C:\Documents and Settings\Jingxi\My Documents\My Projects\STM32Primer\Projects\STM32ECG\USBLIB/usb_int.c:138
 130:	f015 0f80 	tst.w	r5, #128	; 0x80
 134:	d00f      	beq.n	156 <CTR_LP+0x156>
C:\Documents and Settings\Jingxi\My Documents\My Projects\STM32Primer\Projects\STM32ECG\USBLIB/usb_int.c:141
 136:	7831      	ldrb	r1, [r6, #0]
 138:	f648 730f 	movw	r3, #36623	; 0x8f0f
 13c:	f854 2021 	ldr.w	r2, [r4, r1, lsl #2]
 140:	ea02 0303 	and.w	r3, r2, r3
 144:	f844 3021 	str.w	r3, [r4, r1, lsl #2]
C:\Documents and Settings\Jingxi\My Documents\My Projects\STM32Primer\Projects\STM32ECG\USBLIB/usb_int.c:144
 148:	7832      	ldrb	r2, [r6, #0]
 14a:	4b0d      	ldr	r3, [pc, #52]	(180 <CTR_LP+0x180>)
 14c:	eb03 0382 	add.w	r3, r3, r2, lsl #2
 150:	f853 3c04 	ldr.w	r3, [r3, #-4]
 154:	4798      	blx	r3
C:\Documents and Settings\Jingxi\My Documents\My Projects\STM32Primer\Projects\STM32ECG\USBLIB/usb_int.c:49
 156:	4a0b      	ldr	r2, [pc, #44]	(184 <CTR_LP+0x184>)
 158:	480b      	ldr	r0, [pc, #44]	(188 <CTR_LP+0x188>)
 15a:	6813      	ldr	r3, [r2, #0]
 15c:	b29b      	uxth	r3, r3
 15e:	8003      	strh	r3, [r0, #0]
 160:	8803      	ldrh	r3, [r0, #0]
 162:	b21b      	sxth	r3, r3
 164:	2b00      	cmp	r3, #0
 166:	f6ff af4d 	blt.w	4 <CTR_LP+0x4>
C:\Documents and Settings\Jingxi\My Documents\My Projects\STM32Primer\Projects\STM32ECG\USBLIB/usb_int.c:150
 16a:	bd70      	pop	{r4, r5, r6, pc}
 16c:	00000000 	.word	0x00000000
 170:	40005c00 	.word	0x40005c00
	...
 184:	40005c44 	.word	0x40005c44
 188:	00000000 	.word	0x00000000
