
C:\Documents and Settings\Jingxi\My Documents\My Projects\STM32Primer\Projects\STM32ECG\objdebug\usb_init.o:     file format elf32-littlearm
C:\Documents and Settings\Jingxi\My Documents\My Projects\STM32Primer\Projects\STM32ECG\objdebug\usb_init.o

Disassembly of section .text.USB_Init:

00000000 <USB_Init>:
USB_Init():
C:\Documents and Settings\Jingxi\My Documents\My Projects\STM32Primer\Projects\STM32ECG\USBLIB/usb_init.c:58
   0:	4a07      	ldr	r2, [pc, #28]	(20 <USB_Init+0x20>)
   2:	4b08      	ldr	r3, [pc, #32]	(24 <USB_Init+0x24>)
C:\Documents and Settings\Jingxi\My Documents\My Projects\STM32Primer\Projects\STM32ECG\USBLIB/usb_init.c:61
   4:	4908      	ldr	r1, [pc, #32]	(28 <USB_Init+0x28>)
C:\Documents and Settings\Jingxi\My Documents\My Projects\STM32Primer\Projects\STM32ECG\USBLIB/usb_init.c:59
   6:	601a      	str	r2, [r3, #0]
C:\Documents and Settings\Jingxi\My Documents\My Projects\STM32Primer\Projects\STM32ECG\USBLIB/usb_init.c:60
   8:	2302      	movs	r3, #2
C:\Documents and Settings\Jingxi\My Documents\My Projects\STM32Primer\Projects\STM32ECG\USBLIB/usb_init.c:58
   a:	b510      	push	{r4, lr}
C:\Documents and Settings\Jingxi\My Documents\My Projects\STM32Primer\Projects\STM32ECG\USBLIB/usb_init.c:60
   c:	7213      	strb	r3, [r2, #8]
C:\Documents and Settings\Jingxi\My Documents\My Projects\STM32Primer\Projects\STM32ECG\USBLIB/usb_init.c:61
   e:	4b07      	ldr	r3, [pc, #28]	(2c <USB_Init+0x2c>)
C:\Documents and Settings\Jingxi\My Documents\My Projects\STM32Primer\Projects\STM32ECG\USBLIB/usb_init.c:62
  10:	4a07      	ldr	r2, [pc, #28]	(30 <USB_Init+0x30>)
C:\Documents and Settings\Jingxi\My Documents\My Projects\STM32Primer\Projects\STM32ECG\USBLIB/usb_init.c:61
  12:	6019      	str	r1, [r3, #0]
C:\Documents and Settings\Jingxi\My Documents\My Projects\STM32Primer\Projects\STM32ECG\USBLIB/usb_init.c:62
  14:	4b07      	ldr	r3, [pc, #28]	(34 <USB_Init+0x34>)
  16:	601a      	str	r2, [r3, #0]
C:\Documents and Settings\Jingxi\My Documents\My Projects\STM32Primer\Projects\STM32ECG\USBLIB/usb_init.c:64
  18:	680b      	ldr	r3, [r1, #0]
  1a:	4798      	blx	r3
C:\Documents and Settings\Jingxi\My Documents\My Projects\STM32Primer\Projects\STM32ECG\USBLIB/usb_init.c:65
  1c:	bd10      	pop	{r4, pc}
  1e:	46c0      	nop			(mov r8, r8)
	...
